Archive member included to satisfy reference by file (symbol)

../Test_bsp/\libhal_bsp.a(alt_load.o)
                              ../Test_bsp//obj/HAL/src/crt0.o (alt_load)
../Test_bsp/\libhal_bsp.a(alt_main.o)
                              ../Test_bsp//obj/HAL/src/crt0.o (alt_main)
../Test_bsp/\libhal_bsp.a(alt_sys_init.o)
                              ../Test_bsp/\libhal_bsp.a(alt_main.o) (alt_irq_init)
../Test_bsp/\libhal_bsp.a(altera_avalon_jtag_uart_fd.o)
                              ../Test_bsp/\libhal_bsp.a(alt_sys_init.o) (altera_avalon_jtag_uart_read_fd)
../Test_bsp/\libhal_bsp.a(altera_avalon_jtag_uart_init.o)
                              ../Test_bsp/\libhal_bsp.a(alt_sys_init.o) (altera_avalon_jtag_uart_init)
../Test_bsp/\libhal_bsp.a(altera_avalon_jtag_uart_ioctl.o)
                              ../Test_bsp/\libhal_bsp.a(altera_avalon_jtag_uart_fd.o) (altera_avalon_jtag_uart_ioctl)
../Test_bsp/\libhal_bsp.a(altera_avalon_jtag_uart_read.o)
                              ../Test_bsp/\libhal_bsp.a(altera_avalon_jtag_uart_fd.o) (altera_avalon_jtag_uart_read)
../Test_bsp/\libhal_bsp.a(altera_avalon_jtag_uart_write.o)
                              ../Test_bsp/\libhal_bsp.a(altera_avalon_jtag_uart_fd.o) (altera_avalon_jtag_uart_write)
../Test_bsp/\libhal_bsp.a(altera_avalon_timer_sc.o)
                              ../Test_bsp/\libhal_bsp.a(alt_sys_init.o) (alt_avalon_timer_sc_init)
../Test_bsp/\libhal_bsp.a(altera_up_avalon_irda.o)
                              ../Test_bsp/\libhal_bsp.a(alt_sys_init.o) (alt_up_irda_read_fd)
../Test_bsp/\libhal_bsp.a(altera_up_avalon_ps2.o)
                              ../Test_bsp/\libhal_bsp.a(alt_sys_init.o) (alt_up_ps2_init)
../Test_bsp/\libhal_bsp.a(altera_up_avalon_video_character_buffer_with_dma.o)
                              ../Test_bsp/\libhal_bsp.a(alt_sys_init.o) (alt_up_char_buffer_init)
../Test_bsp/\libhal_bsp.a(alt_alarm_start.o)
                              ../Test_bsp/\libhal_bsp.a(altera_avalon_jtag_uart_init.o) (alt_alarm_start)
../Test_bsp/\libhal_bsp.a(alt_close.o)
                              ../Test_bsp/\libhal_bsp.a(alt_main.o) (close)
../Test_bsp/\libhal_bsp.a(alt_dcache_flush_all.o)
                              ../Test_bsp/\libhal_bsp.a(alt_load.o) (alt_dcache_flush_all)
../Test_bsp/\libhal_bsp.a(alt_dev.o)
                              ../Test_bsp/\libhal_bsp.a(alt_sys_init.o) (alt_dev_list)
../Test_bsp/\libhal_bsp.a(alt_dev_llist_insert.o)
                              ../Test_bsp/\libhal_bsp.a(alt_sys_init.o) (alt_dev_llist_insert)
../Test_bsp/\libhal_bsp.a(alt_do_ctors.o)
                              ../Test_bsp/\libhal_bsp.a(alt_main.o) (_do_ctors)
../Test_bsp/\libhal_bsp.a(alt_do_dtors.o)
                              ../Test_bsp/\libhal_bsp.a(alt_main.o) (_do_dtors)
../Test_bsp/\libhal_bsp.a(alt_errno.o)
                              ../Test_bsp/\libhal_bsp.a(alt_close.o) (alt_errno)
../Test_bsp/\libhal_bsp.a(alt_find_dev.o)
                              ../Test_bsp/\libhal_bsp.a(altera_up_avalon_irda.o) (alt_find_dev)
../Test_bsp/\libhal_bsp.a(alt_icache_flush_all.o)
                              ../Test_bsp/\libhal_bsp.a(alt_load.o) (alt_icache_flush_all)
../Test_bsp/\libhal_bsp.a(alt_io_redirect.o)
                              ../Test_bsp/\libhal_bsp.a(alt_main.o) (alt_io_redirect)
../Test_bsp/\libhal_bsp.a(alt_irq_register.o)
                              ../Test_bsp/\libhal_bsp.a(altera_avalon_jtag_uart_init.o) (alt_irq_register)
../Test_bsp/\libhal_bsp.a(alt_irq_vars.o)
                              ../Test_bsp/\libhal_bsp.a(alt_irq_register.o) (alt_irq_active)
../Test_bsp/\libhal_bsp.a(alt_open.o)
                              ../Test_bsp/\libhal_bsp.a(alt_io_redirect.o) (open)
../Test_bsp/\libhal_bsp.a(alt_release_fd.o)
                              ../Test_bsp/\libhal_bsp.a(alt_close.o) (alt_release_fd)
../Test_bsp/\libhal_bsp.a(alt_tick.o)
                              ../Test_bsp/\libhal_bsp.a(altera_avalon_jtag_uart_init.o) (_alt_tick_rate)
../Test_bsp/\libhal_bsp.a(altera_nios2_gen2_irq.o)
                              ../Test_bsp/\libhal_bsp.a(alt_sys_init.o) (altera_nios2_gen2_irq_init)
../Test_bsp/\libhal_bsp.a(alt_find_file.o)
                              ../Test_bsp/\libhal_bsp.a(alt_open.o) (alt_find_file)
../Test_bsp/\libhal_bsp.a(alt_get_fd.o)
                              ../Test_bsp/\libhal_bsp.a(alt_open.o) (alt_get_fd)
../Test_bsp/\libhal_bsp.a(alt_icache_flush.o)
                              ../Test_bsp/\libhal_bsp.a(alt_icache_flush_all.o) (alt_icache_flush)
../Test_bsp/\libhal_bsp.a(alt_irq_entry.o)
                              ../Test_bsp/\libhal_bsp.a(alt_irq_register.o) (alt_irq_entry)
../Test_bsp/\libhal_bsp.a(alt_irq_handler.o)
                              ../Test_bsp/\libhal_bsp.a(alt_irq_register.o) (alt_irq)
../Test_bsp/\libhal_bsp.a(alt_exception_entry.o)
                              ../Test_bsp/\libhal_bsp.a(alt_irq_entry.o) (alt_exception)
../Test_bsp/\libhal_bsp.a(alt_instruction_exception_entry.o)
                              ../Test_bsp/\libhal_bsp.a(alt_exception_entry.o) (alt_instruction_exception_entry)
c:/intelfpga_lite/18.1/nios2eds/bin/gnu/h-x86_64-mingw32/bin/../lib/gcc/nios2-elf/5.3.0/../../../../../H-x86_64-mingw32/nios2-elf/lib/mhw-mulx\libc.a(lib_a-atexit.o)
                              ../Test_bsp/\libhal_bsp.a(alt_main.o) (atexit)
c:/intelfpga_lite/18.1/nios2eds/bin/gnu/h-x86_64-mingw32/bin/../lib/gcc/nios2-elf/5.3.0/../../../../../H-x86_64-mingw32/nios2-elf/lib/mhw-mulx\libc.a(lib_a-exit.o)
                              ../Test_bsp/\libhal_bsp.a(alt_main.o) (exit)
c:/intelfpga_lite/18.1/nios2eds/bin/gnu/h-x86_64-mingw32/bin/../lib/gcc/nios2-elf/5.3.0/../../../../../H-x86_64-mingw32/nios2-elf/lib/mhw-mulx\libc.a(lib_a-impure.o)
                              c:/intelfpga_lite/18.1/nios2eds/bin/gnu/h-x86_64-mingw32/bin/../lib/gcc/nios2-elf/5.3.0/../../../../../H-x86_64-mingw32/nios2-elf/lib/mhw-mulx\libc.a(lib_a-exit.o) (_global_impure_ptr)
c:/intelfpga_lite/18.1/nios2eds/bin/gnu/h-x86_64-mingw32/bin/../lib/gcc/nios2-elf/5.3.0/../../../../../H-x86_64-mingw32/nios2-elf/lib/mhw-mulx\libc.a(lib_a-int_errno.o)
                              ../Test_bsp/\libhal_bsp.a(alt_close.o) (errno)
c:/intelfpga_lite/18.1/nios2eds/bin/gnu/h-x86_64-mingw32/bin/../lib/gcc/nios2-elf/5.3.0/../../../../../H-x86_64-mingw32/nios2-elf/lib/mhw-mulx\libc.a(lib_a-memcmp.o)
                              ../Test_bsp/\libhal_bsp.a(alt_find_dev.o) (memcmp)
c:/intelfpga_lite/18.1/nios2eds/bin/gnu/h-x86_64-mingw32/bin/../lib/gcc/nios2-elf/5.3.0/../../../../../H-x86_64-mingw32/nios2-elf/lib/mhw-mulx\libc.a(lib_a-memcpy.o)
                              ../Test_bsp/\libhal_bsp.a(altera_avalon_jtag_uart_read.o) (memcpy)
c:/intelfpga_lite/18.1/nios2eds/bin/gnu/h-x86_64-mingw32/bin/../lib/gcc/nios2-elf/5.3.0/../../../../../H-x86_64-mingw32/nios2-elf/lib/mhw-mulx\libc.a(lib_a-strcmp.o)
                              ../Test_bsp/\libhal_bsp.a(altera_up_avalon_video_character_buffer_with_dma.o) (strcmp)
c:/intelfpga_lite/18.1/nios2eds/bin/gnu/h-x86_64-mingw32/bin/../lib/gcc/nios2-elf/5.3.0/../../../../../H-x86_64-mingw32/nios2-elf/lib/mhw-mulx\libc.a(lib_a-strlen.o)
                              ../Test_bsp/\libhal_bsp.a(alt_find_dev.o) (strlen)
c:/intelfpga_lite/18.1/nios2eds/bin/gnu/h-x86_64-mingw32/bin/../lib/gcc/nios2-elf/5.3.0/../../../../../H-x86_64-mingw32/nios2-elf/lib/mhw-mulx\libc.a(lib_a-__atexit.o)
                              c:/intelfpga_lite/18.1/nios2eds/bin/gnu/h-x86_64-mingw32/bin/../lib/gcc/nios2-elf/5.3.0/../../../../../H-x86_64-mingw32/nios2-elf/lib/mhw-mulx\libc.a(lib_a-atexit.o) (__register_exitproc)
c:/intelfpga_lite/18.1/nios2eds/bin/gnu/h-x86_64-mingw32/bin/../lib/gcc/nios2-elf/5.3.0/../../../../../H-x86_64-mingw32/nios2-elf/lib/mhw-mulx\libc.a(lib_a-__call_atexit.o)
                              c:/intelfpga_lite/18.1/nios2eds/bin/gnu/h-x86_64-mingw32/bin/../lib/gcc/nios2-elf/5.3.0/../../../../../H-x86_64-mingw32/nios2-elf/lib/mhw-mulx\libc.a(lib_a-exit.o) (__call_exitprocs)
../Test_bsp/\libhal_bsp.a(alt_exit.o)
                              c:/intelfpga_lite/18.1/nios2eds/bin/gnu/h-x86_64-mingw32/bin/../lib/gcc/nios2-elf/5.3.0/../../../../../H-x86_64-mingw32/nios2-elf/lib/mhw-mulx\libc.a(lib_a-exit.o) (_exit)

Allocating common symbols
Common symbol       size              file

alt_irq             0x100             ../Test_bsp/\libhal_bsp.a(alt_irq_handler.o)
errno               0x4               c:/intelfpga_lite/18.1/nios2eds/bin/gnu/h-x86_64-mingw32/bin/../lib/gcc/nios2-elf/5.3.0/../../../../../H-x86_64-mingw32/nios2-elf/lib/mhw-mulx\libc.a(lib_a-int_errno.o)

Memory Configuration

Name             Origin             Length             Attributes
reset            0x0000000000000000 0x0000000000000020
SDRAM            0x0000000000000020 0x0000000001ffffe0
Onchip_SRAM      0x0000000008000000 0x0000000000040000
ARM_A9_HPS_axi_sdram 0x0000000040000000 0x0000000040000000
*default*        0x0000000000000000 0xffffffffffffffff

Linker script and memory map

LOAD ../Test_bsp//obj/HAL/src/crt0.o
LOAD obj/default/hello_world.o
LOAD c:/intelfpga_lite/18.1/nios2eds/bin/gnu/h-x86_64-mingw32/bin/../lib/gcc/nios2-elf/5.3.0/../../../../../H-x86_64-mingw32/nios2-elf/lib/mhw-mulx\libstdc++.a
LOAD c:/intelfpga_lite/18.1/nios2eds/bin/gnu/h-x86_64-mingw32/bin/../lib/gcc/nios2-elf/5.3.0/../../../../../H-x86_64-mingw32/nios2-elf/lib/mhw-mulx\libm.a
LOAD c:/intelfpga_lite/18.1/nios2eds/bin/gnu/h-x86_64-mingw32/bin/../lib/gcc/nios2-elf/5.3.0/mhw-mulx\libgcc.a
START GROUP
LOAD c:/intelfpga_lite/18.1/nios2eds/bin/gnu/h-x86_64-mingw32/bin/../lib/gcc/nios2-elf/5.3.0/../../../../../H-x86_64-mingw32/nios2-elf/lib/mhw-mulx\libc.a
LOAD c:/intelfpga_lite/18.1/nios2eds/bin/gnu/h-x86_64-mingw32/bin/../lib/gcc/nios2-elf/5.3.0/mhw-mulx\libgcc.a
LOAD ../Test_bsp/\libhal_bsp.a
LOAD c:/intelfpga_lite/18.1/nios2eds/bin/gnu/h-x86_64-mingw32/bin/../lib/gcc/nios2-elf/5.3.0/../../../../../H-x86_64-mingw32/nios2-elf/lib/mhw-mulx\libm.a
END GROUP
LOAD c:/intelfpga_lite/18.1/nios2eds/bin/gnu/h-x86_64-mingw32/bin/../lib/gcc/nios2-elf/5.3.0/mhw-mulx\libgcc.a
                0x0000000000000000                __alt_mem_SDRAM = 0x0
                0x0000000008000000                __alt_mem_Onchip_SRAM = 0x8000000
                0x0000000040000000                __alt_mem_ARM_A9_HPS_axi_sdram = 0x40000000

.entry          0x0000000000000000       0x20
 *(.entry)
 .entry         0x0000000000000000       0x20 ../Test_bsp//obj/HAL/src/crt0.o
                0x0000000000000000                __reset

.exceptions     0x0000000000000020      0x228
                0x0000000000000020                PROVIDE (__ram_exceptions_start, ABSOLUTE (.))
                0x0000000000000020                . = ALIGN (0x20)
 *(.irq)
 *(.exceptions.entry.label)
 .exceptions.entry.label
                0x0000000000000020        0x0 ../Test_bsp/\libhal_bsp.a(alt_irq_entry.o)
                0x0000000000000020                alt_irq_entry
 .exceptions.entry.label
                0x0000000000000020        0x0 ../Test_bsp/\libhal_bsp.a(alt_exception_entry.o)
                0x0000000000000020                alt_exception
 *(.exceptions.entry.user)
 *(.exceptions.entry.ecc_fatal)
 *(.exceptions.entry)
 .exceptions.entry
                0x0000000000000020       0x54 ../Test_bsp/\libhal_bsp.a(alt_exception_entry.o)
 *(.exceptions.irqtest.user)
 *(.exceptions.irqtest)
 .exceptions.irqtest
                0x0000000000000074       0x10 ../Test_bsp/\libhal_bsp.a(alt_irq_entry.o)
 *(.exceptions.irqhandler.user)
 *(.exceptions.irqhandler)
 .exceptions.irqhandler
                0x0000000000000084        0x4 ../Test_bsp/\libhal_bsp.a(alt_irq_entry.o)
 *(.exceptions.irqreturn.user)
 *(.exceptions.irqreturn)
 .exceptions.irqreturn
                0x0000000000000088        0x4 ../Test_bsp/\libhal_bsp.a(alt_irq_entry.o)
 *(.exceptions.notirq.label)
 .exceptions.notirq.label
                0x000000000000008c        0x0 ../Test_bsp/\libhal_bsp.a(alt_irq_entry.o)
 *(.exceptions.notirq.user)
 *(.exceptions.notirq)
 .exceptions.notirq
                0x000000000000008c        0x8 ../Test_bsp/\libhal_bsp.a(alt_exception_entry.o)
 *(.exceptions.soft.user)
 *(.exceptions.soft)
 *(.exceptions.unknown.user)
 *(.exceptions.unknown)
 .exceptions.unknown
                0x0000000000000094       0x14 ../Test_bsp/\libhal_bsp.a(alt_exception_entry.o)
 *(.exceptions.exit.label)
 .exceptions.exit.label
                0x00000000000000a8        0x0 ../Test_bsp/\libhal_bsp.a(alt_irq_entry.o)
 .exceptions.exit.label
                0x00000000000000a8        0x0 ../Test_bsp/\libhal_bsp.a(alt_exception_entry.o)
 *(.exceptions.exit.user)
 *(.exceptions.exit)
 .exceptions.exit
                0x00000000000000a8       0x54 ../Test_bsp/\libhal_bsp.a(alt_exception_entry.o)
 *(.exceptions)
 .exceptions    0x00000000000000fc       0xd8 ../Test_bsp/\libhal_bsp.a(alt_irq_handler.o)
                0x00000000000000fc                alt_irq_handler
 .exceptions    0x00000000000001d4       0x74 ../Test_bsp/\libhal_bsp.a(alt_instruction_exception_entry.o)
                0x00000000000001d4                alt_instruction_exception_entry
                0x0000000000000248                PROVIDE (__ram_exceptions_end, ABSOLUTE (.))
                0x0000000000000020                PROVIDE (__flash_exceptions_start, LOADADDR (.exceptions))

.text           0x0000000000000248     0x3534
                [!provide]                        PROVIDE (stext, ABSOLUTE (.))
 *(.interp)
 *(.hash)
 *(.dynsym)
 *(.dynstr)
 *(.gnu.version)
 *(.gnu.version_d)
 *(.gnu.version_r)
 *(.rel.init)
 *(.rela.init)
 *(.rel.text .rel.text.* .rel.gnu.linkonce.t.*)
 *(.rela.text .rela.text.* .rela.gnu.linkonce.t.*)
 *(.rel.fini)
 *(.rela.fini)
 *(.rel.rodata .rel.rodata.* .rel.gnu.linkonce.r.*)
 *(.rela.rodata .rela.rodata.* .rela.gnu.linkonce.r.*)
 *(.rel.data .rel.data.* .rel.gnu.linkonce.d.*)
 *(.rela.data .rela.data.* .rela.gnu.linkonce.d.*)
 *(.rel.tdata .rel.tdata.* .rel.gnu.linkonce.td.*)
 *(.rela.tdata .rela.tdata.* .rela.gnu.linkonce.td.*)
 *(.rel.tbss .rel.tbss.* .rel.gnu.linkonce.tb.*)
 *(.rela.tbss .rela.tbss.* .rela.gnu.linkonce.tb.*)
 *(.rel.ctors)
 *(.rela.ctors)
 *(.rel.dtors)
 *(.rela.dtors)
 *(.rel.got)
 *(.rela.got)
 *(.rel.sdata .rel.sdata.* .rel.gnu.linkonce.s.*)
 *(.rela.sdata .rela.sdata.* .rela.gnu.linkonce.s.*)
 *(.rel.sbss .rel.sbss.* .rel.gnu.linkonce.sb.*)
 *(.rela.sbss .rela.sbss.* .rela.gnu.linkonce.sb.*)
 *(.rel.sdata2 .rel.sdata2.* .rel.gnu.linkonce.s2.*)
 *(.rela.sdata2 .rela.sdata2.* .rela.gnu.linkonce.s2.*)
 *(.rel.sbss2 .rel.sbss2.* .rel.gnu.linkonce.sb2.*)
 *(.rela.sbss2 .rela.sbss2.* .rela.gnu.linkonce.sb2.*)
 *(.rel.bss .rel.bss.* .rel.gnu.linkonce.b.*)
 *(.rela.bss .rela.bss.* .rela.gnu.linkonce.b.*)
 *(.rel.plt)
 *(.rela.plt)
 *(.rel.dyn)
 *(.init)
 *(.plt)
 *(.text .stub .text.* .gnu.linkonce.t.*)
 .text          0x0000000000000248       0x3c ../Test_bsp//obj/HAL/src/crt0.o
                0x0000000000000248                _start
 .text          0x0000000000000284      0x210 obj/default/hello_world.o
                0x0000000000000284                write_pixel
                0x00000000000002e0                clear_screen
                0x0000000000000358                write_char
                0x00000000000003b0                main
 .text          0x0000000000000494       0xec ../Test_bsp/\libhal_bsp.a(alt_load.o)
                0x00000000000004fc                alt_load
 .text          0x0000000000000580       0x7c ../Test_bsp/\libhal_bsp.a(alt_main.o)
                0x0000000000000580                alt_main
 .text          0x00000000000005fc      0x3c4 ../Test_bsp/\libhal_bsp.a(alt_sys_init.o)
                0x0000000000000630                alt_irq_init
                0x0000000000000668                alt_sys_init
 .text          0x00000000000009c0      0x164 ../Test_bsp/\libhal_bsp.a(altera_avalon_jtag_uart_fd.o)
                0x00000000000009c0                altera_avalon_jtag_uart_read_fd
                0x0000000000000a20                altera_avalon_jtag_uart_write_fd
                0x0000000000000a80                altera_avalon_jtag_uart_close_fd
                0x0000000000000ad0                altera_avalon_jtag_uart_ioctl_fd
 .text          0x0000000000000b24      0x3cc ../Test_bsp/\libhal_bsp.a(altera_avalon_jtag_uart_init.o)
                0x0000000000000b24                altera_avalon_jtag_uart_init
                0x0000000000000e88                altera_avalon_jtag_uart_close
 .text          0x0000000000000ef0       0xf0 ../Test_bsp/\libhal_bsp.a(altera_avalon_jtag_uart_ioctl.o)
                0x0000000000000ef0                altera_avalon_jtag_uart_ioctl
 .text          0x0000000000000fe0      0x21c ../Test_bsp/\libhal_bsp.a(altera_avalon_jtag_uart_read.o)
                0x0000000000000fe0                altera_avalon_jtag_uart_read
 .text          0x00000000000011fc      0x224 ../Test_bsp/\libhal_bsp.a(altera_avalon_jtag_uart_write.o)
                0x00000000000011fc                altera_avalon_jtag_uart_write
 .text          0x0000000000001420       0xf0 ../Test_bsp/\libhal_bsp.a(altera_avalon_timer_sc.o)
                0x000000000000149c                alt_avalon_timer_sc_init
 .text          0x0000000000001510      0x38c ../Test_bsp/\libhal_bsp.a(altera_up_avalon_irda.o)
                0x0000000000001510                alt_up_irda_enable_read_interrupt
                0x000000000000156c                alt_up_irda_disable_read_interrupt
                0x00000000000015cc                alt_up_irda_get_used_space_in_read_FIFO
                0x000000000000160c                alt_up_irda_get_available_space_in_write_FIFO
                0x0000000000001648                alt_up_irda_check_parity
                0x000000000000168c                alt_up_irda_write_data
                0x00000000000016cc                alt_up_irda_read_data
                0x0000000000001740                alt_up_irda_read_fd
                0x00000000000017d0                alt_up_irda_write_fd
                0x0000000000001860                alt_up_irda_open_dev
 .text          0x000000000000189c      0x6b0 ../Test_bsp/\libhal_bsp.a(altera_up_avalon_ps2.o)
                0x000000000000189c                read_RI_bit
                0x00000000000018d0                read_RE_bit
                0x0000000000001900                read_CE_bit
                0x0000000000001934                read_num_bytes_available
                0x0000000000001964                read_data_valid
                0x0000000000001998                read_data_byte
                0x00000000000019c4                alt_up_ps2_init
                0x0000000000001a8c                alt_up_ps2_enable_read_interrupt
                0x0000000000001ae8                alt_up_ps2_disable_read_interrupt
                0x0000000000001b48                alt_up_ps2_write_data_byte
                0x0000000000001bbc                alt_up_ps2_wait_for_ack
                0x0000000000001c24                alt_up_ps2_write_data_byte_with_ack
                0x0000000000001c88                alt_up_ps2_read_data_byte_timeout
                0x0000000000001d24                alt_up_ps2_read_data_byte
                0x0000000000001d94                alt_up_ps2_clear_fifo
                0x0000000000001dec                alt_up_ps2_read_fd
                0x0000000000001e78                alt_up_ps2_write_fd
                0x0000000000001f10                alt_up_ps2_open_dev
 .text          0x0000000000001f4c      0x2e0 ../Test_bsp/\libhal_bsp.a(altera_up_avalon_video_character_buffer_with_dma.o)
                0x0000000000001f4c                alt_up_char_buffer_init
                0x0000000000001fcc                alt_up_char_buffer_open_dev
                0x0000000000002008                alt_up_char_buffer_draw
                0x00000000000020d4                alt_up_char_buffer_string
                0x00000000000021d0                alt_up_char_buffer_clear
 .text          0x000000000000222c      0x12c ../Test_bsp/\libhal_bsp.a(alt_alarm_start.o)
                0x000000000000222c                alt_alarm_start
 .text          0x0000000000002358      0x10c ../Test_bsp/\libhal_bsp.a(alt_close.o)
                0x0000000000002394                close
 .text          0x0000000000002464       0x20 ../Test_bsp/\libhal_bsp.a(alt_dcache_flush_all.o)
                0x0000000000002464                alt_dcache_flush_all
 .text          0x0000000000002484       0x2c ../Test_bsp/\libhal_bsp.a(alt_dev.o)
 .text          0x00000000000024b0       0xe0 ../Test_bsp/\libhal_bsp.a(alt_dev_llist_insert.o)
                0x00000000000024ec                alt_dev_llist_insert
 .text          0x0000000000002590       0x60 ../Test_bsp/\libhal_bsp.a(alt_do_ctors.o)
                0x0000000000002590                _do_ctors
 .text          0x00000000000025f0       0x60 ../Test_bsp/\libhal_bsp.a(alt_do_dtors.o)
                0x00000000000025f0                _do_dtors
 .text          0x0000000000002650        0x0 ../Test_bsp/\libhal_bsp.a(alt_errno.o)
 .text          0x0000000000002650       0x90 ../Test_bsp/\libhal_bsp.a(alt_find_dev.o)
                0x0000000000002650                alt_find_dev
 .text          0x00000000000026e0       0x34 ../Test_bsp/\libhal_bsp.a(alt_icache_flush_all.o)
                0x00000000000026e0                alt_icache_flush_all
 .text          0x0000000000002714      0x140 ../Test_bsp/\libhal_bsp.a(alt_io_redirect.o)
                0x00000000000027d8                alt_io_redirect
 .text          0x0000000000002854      0x180 ../Test_bsp/\libhal_bsp.a(alt_irq_register.o)
                0x0000000000002854                alt_irq_register
 .text          0x00000000000029d4        0x0 ../Test_bsp/\libhal_bsp.a(alt_irq_vars.o)
 .text          0x00000000000029d4      0x254 ../Test_bsp/\libhal_bsp.a(alt_open.o)
                0x0000000000002ad4                open
 .text          0x0000000000002c28       0x64 ../Test_bsp/\libhal_bsp.a(alt_release_fd.o)
                0x0000000000002c28                alt_release_fd
 .text          0x0000000000002c8c      0x1a4 ../Test_bsp/\libhal_bsp.a(alt_tick.o)
                0x0000000000002c8c                alt_alarm_stop
                0x0000000000002d28                alt_tick
 .text          0x0000000000002e30       0x24 ../Test_bsp/\libhal_bsp.a(altera_nios2_gen2_irq.o)
                0x0000000000002e30                altera_nios2_gen2_irq_init
 .text          0x0000000000002e54      0x108 ../Test_bsp/\libhal_bsp.a(alt_find_file.o)
                0x0000000000002e54                alt_find_file
 .text          0x0000000000002f5c       0xa4 ../Test_bsp/\libhal_bsp.a(alt_get_fd.o)
                0x0000000000002f5c                alt_get_fd
 .text          0x0000000000003000       0x90 ../Test_bsp/\libhal_bsp.a(alt_icache_flush.o)
                0x0000000000003000                alt_icache_flush
 .text          0x0000000000003090        0x0 ../Test_bsp/\libhal_bsp.a(alt_irq_entry.o)
 .text          0x0000000000003090        0x0 ../Test_bsp/\libhal_bsp.a(alt_irq_handler.o)
 .text          0x0000000000003090        0x0 ../Test_bsp/\libhal_bsp.a(alt_exception_entry.o)
 .text          0x0000000000003090       0x9c ../Test_bsp/\libhal_bsp.a(alt_instruction_exception_entry.o)
                0x0000000000003090                alt_exception_cause_generated_bad_addr
 .text          0x000000000000312c        0x0 c:/intelfpga_lite/18.1/nios2eds/bin/gnu/h-x86_64-mingw32/bin/../lib/gcc/nios2-elf/5.3.0/../../../../../H-x86_64-mingw32/nios2-elf/lib/mhw-mulx\libc.a(lib_a-atexit.o)
 .text.atexit   0x000000000000312c       0x14 c:/intelfpga_lite/18.1/nios2eds/bin/gnu/h-x86_64-mingw32/bin/../lib/gcc/nios2-elf/5.3.0/../../../../../H-x86_64-mingw32/nios2-elf/lib/mhw-mulx\libc.a(lib_a-atexit.o)
                0x000000000000312c                atexit
 .text          0x0000000000003140        0x0 c:/intelfpga_lite/18.1/nios2eds/bin/gnu/h-x86_64-mingw32/bin/../lib/gcc/nios2-elf/5.3.0/../../../../../H-x86_64-mingw32/nios2-elf/lib/mhw-mulx\libc.a(lib_a-exit.o)
 .text.exit     0x0000000000003140       0x38 c:/intelfpga_lite/18.1/nios2eds/bin/gnu/h-x86_64-mingw32/bin/../lib/gcc/nios2-elf/5.3.0/../../../../../H-x86_64-mingw32/nios2-elf/lib/mhw-mulx\libc.a(lib_a-exit.o)
                0x0000000000003140                exit
 .text          0x0000000000003178        0x0 c:/intelfpga_lite/18.1/nios2eds/bin/gnu/h-x86_64-mingw32/bin/../lib/gcc/nios2-elf/5.3.0/../../../../../H-x86_64-mingw32/nios2-elf/lib/mhw-mulx\libc.a(lib_a-impure.o)
 .text          0x0000000000003178        0x0 c:/intelfpga_lite/18.1/nios2eds/bin/gnu/h-x86_64-mingw32/bin/../lib/gcc/nios2-elf/5.3.0/../../../../../H-x86_64-mingw32/nios2-elf/lib/mhw-mulx\libc.a(lib_a-int_errno.o)
 .text          0x0000000000003178        0x0 c:/intelfpga_lite/18.1/nios2eds/bin/gnu/h-x86_64-mingw32/bin/../lib/gcc/nios2-elf/5.3.0/../../../../../H-x86_64-mingw32/nios2-elf/lib/mhw-mulx\libc.a(lib_a-memcmp.o)
 .text.memcmp   0x0000000000003178       0x7c c:/intelfpga_lite/18.1/nios2eds/bin/gnu/h-x86_64-mingw32/bin/../lib/gcc/nios2-elf/5.3.0/../../../../../H-x86_64-mingw32/nios2-elf/lib/mhw-mulx\libc.a(lib_a-memcmp.o)
                0x0000000000003178                memcmp
 .text          0x00000000000031f4        0x0 c:/intelfpga_lite/18.1/nios2eds/bin/gnu/h-x86_64-mingw32/bin/../lib/gcc/nios2-elf/5.3.0/../../../../../H-x86_64-mingw32/nios2-elf/lib/mhw-mulx\libc.a(lib_a-memcpy.o)
 .text.memcpy   0x00000000000031f4      0x148 c:/intelfpga_lite/18.1/nios2eds/bin/gnu/h-x86_64-mingw32/bin/../lib/gcc/nios2-elf/5.3.0/../../../../../H-x86_64-mingw32/nios2-elf/lib/mhw-mulx\libc.a(lib_a-memcpy.o)
                0x00000000000031f4                memcpy
 .text          0x000000000000333c        0x0 c:/intelfpga_lite/18.1/nios2eds/bin/gnu/h-x86_64-mingw32/bin/../lib/gcc/nios2-elf/5.3.0/../../../../../H-x86_64-mingw32/nios2-elf/lib/mhw-mulx\libc.a(lib_a-strcmp.o)
 .text.strcmp   0x000000000000333c       0xdc c:/intelfpga_lite/18.1/nios2eds/bin/gnu/h-x86_64-mingw32/bin/../lib/gcc/nios2-elf/5.3.0/../../../../../H-x86_64-mingw32/nios2-elf/lib/mhw-mulx\libc.a(lib_a-strcmp.o)
                0x000000000000333c                strcmp
 .text          0x0000000000003418        0x0 c:/intelfpga_lite/18.1/nios2eds/bin/gnu/h-x86_64-mingw32/bin/../lib/gcc/nios2-elf/5.3.0/../../../../../H-x86_64-mingw32/nios2-elf/lib/mhw-mulx\libc.a(lib_a-strlen.o)
 .text.strlen   0x0000000000003418       0x98 c:/intelfpga_lite/18.1/nios2eds/bin/gnu/h-x86_64-mingw32/bin/../lib/gcc/nios2-elf/5.3.0/../../../../../H-x86_64-mingw32/nios2-elf/lib/mhw-mulx\libc.a(lib_a-strlen.o)
                0x0000000000003418                strlen
 .text          0x00000000000034b0        0x0 c:/intelfpga_lite/18.1/nios2eds/bin/gnu/h-x86_64-mingw32/bin/../lib/gcc/nios2-elf/5.3.0/../../../../../H-x86_64-mingw32/nios2-elf/lib/mhw-mulx\libc.a(lib_a-__atexit.o)
 .text.__register_exitproc
                0x00000000000034b0      0x118 c:/intelfpga_lite/18.1/nios2eds/bin/gnu/h-x86_64-mingw32/bin/../lib/gcc/nios2-elf/5.3.0/../../../../../H-x86_64-mingw32/nios2-elf/lib/mhw-mulx\libc.a(lib_a-__atexit.o)
                0x00000000000034b0                __register_exitproc
 .text          0x00000000000035c8        0x0 c:/intelfpga_lite/18.1/nios2eds/bin/gnu/h-x86_64-mingw32/bin/../lib/gcc/nios2-elf/5.3.0/../../../../../H-x86_64-mingw32/nios2-elf/lib/mhw-mulx\libc.a(lib_a-__call_atexit.o)
 .text.__call_exitprocs
                0x00000000000035c8      0x180 c:/intelfpga_lite/18.1/nios2eds/bin/gnu/h-x86_64-mingw32/bin/../lib/gcc/nios2-elf/5.3.0/../../../../../H-x86_64-mingw32/nios2-elf/lib/mhw-mulx\libc.a(lib_a-__call_atexit.o)
                0x00000000000035c8                __call_exitprocs
 .text          0x0000000000003748       0x34 ../Test_bsp/\libhal_bsp.a(alt_exit.o)
                0x0000000000003748                _exit
 *(.gnu.warning.*)
 *(.fini)
                [!provide]                        PROVIDE (__etext, ABSOLUTE (.))
                [!provide]                        PROVIDE (_etext, ABSOLUTE (.))
                [!provide]                        PROVIDE (etext, ABSOLUTE (.))
 *(.eh_frame_hdr)
                0x000000000000377c                . = ALIGN (0x4)
                [!provide]                        PROVIDE (__preinit_array_start, ABSOLUTE (.))
 *(.preinit_array)
                [!provide]                        PROVIDE (__preinit_array_end, ABSOLUTE (.))
                [!provide]                        PROVIDE (__init_array_start, ABSOLUTE (.))
 *(.init_array)
                [!provide]                        PROVIDE (__init_array_end, ABSOLUTE (.))
                [!provide]                        PROVIDE (__fini_array_start, ABSOLUTE (.))
 *(.fini_array)
                [!provide]                        PROVIDE (__fini_array_end, ABSOLUTE (.))
 *(.eh_frame)
 *(.gcc_except_table .gcc_except_table.*)
 *(.dynamic)
                0x000000000000377c                PROVIDE (__CTOR_LIST__, ABSOLUTE (.))
 *(.ctors)
 *(SORT(.ctors.*))
                0x000000000000377c                PROVIDE (__CTOR_END__, ABSOLUTE (.))
                0x000000000000377c                PROVIDE (__DTOR_LIST__, ABSOLUTE (.))
 *(.dtors)
 *(SORT(.dtors.*))
                0x000000000000377c                PROVIDE (__DTOR_END__, ABSOLUTE (.))
 *(.jcr)
                0x000000000000377c                . = ALIGN (0x4)

.rodata         0x0000000040000000      0x124 load address 0x000000000000377c
                0x0000000040000000                PROVIDE (__ram_rodata_start, ABSOLUTE (.))
                0x0000000040000000                . = ALIGN (0x4)
 *(.rodata .rodata.* .gnu.linkonce.r.*)
 .rodata        0x0000000040000000        0xe obj/default/hello_world.o
 *fill*         0x000000004000000e        0x2 
 .rodata        0x0000000040000010        0xf ../Test_bsp/\libhal_bsp.a(alt_main.o)
 *fill*         0x000000004000001f        0x1 
 .rodata        0x0000000040000020       0xd5 ../Test_bsp/\libhal_bsp.a(alt_sys_init.o)
 *fill*         0x00000000400000f5        0x3 
 .rodata        0x00000000400000f8       0x1a ../Test_bsp/\libhal_bsp.a(altera_up_avalon_video_character_buffer_with_dma.o)
 *fill*         0x0000000040000112        0x2 
 .rodata        0x0000000040000114        0xa ../Test_bsp/\libhal_bsp.a(alt_dev.o)
 *fill*         0x000000004000011e        0x2 
 .rodata.str1.4
                0x0000000040000120        0x4 c:/intelfpga_lite/18.1/nios2eds/bin/gnu/h-x86_64-mingw32/bin/../lib/gcc/nios2-elf/5.3.0/../../../../../H-x86_64-mingw32/nios2-elf/lib/mhw-mulx\libc.a(lib_a-impure.o)
                                          0x2 (size before relaxing)
 *(.rodata1)
                0x0000000040000124                . = ALIGN (0x4)
                0x0000000040000124                PROVIDE (__ram_rodata_end, ABSOLUTE (.))
                0x000000000000377c                PROVIDE (__flash_rodata_start, LOADADDR (.rodata))

.rwdata         0x0000000040000124     0x181c load address 0x00000000000038a0
                0x0000000040000124                PROVIDE (__ram_rwdata_start, ABSOLUTE (.))
                0x0000000040000124                . = ALIGN (0x4)
 *(.got.plt)
 *(.got)
 *(.data1)
 *(.data .data.* .gnu.linkonce.d.*)
 .data          0x0000000040000124        0x0 ../Test_bsp//obj/HAL/src/crt0.o
 .data          0x0000000040000124        0x0 obj/default/hello_world.o
 .data          0x0000000040000124        0x0 ../Test_bsp/\libhal_bsp.a(alt_load.o)
 .data          0x0000000040000124        0x0 ../Test_bsp/\libhal_bsp.a(alt_main.o)
 .data          0x0000000040000124     0x1224 ../Test_bsp/\libhal_bsp.a(alt_sys_init.o)
 .data          0x0000000040001348        0x0 ../Test_bsp/\libhal_bsp.a(altera_avalon_jtag_uart_fd.o)
 .data          0x0000000040001348        0x0 ../Test_bsp/\libhal_bsp.a(altera_avalon_jtag_uart_init.o)
 .data          0x0000000040001348        0x0 ../Test_bsp/\libhal_bsp.a(altera_avalon_jtag_uart_ioctl.o)
 .data          0x0000000040001348        0x0 ../Test_bsp/\libhal_bsp.a(altera_avalon_jtag_uart_read.o)
 .data          0x0000000040001348        0x0 ../Test_bsp/\libhal_bsp.a(altera_avalon_jtag_uart_write.o)
 .data          0x0000000040001348        0x0 ../Test_bsp/\libhal_bsp.a(altera_avalon_timer_sc.o)
 .data          0x0000000040001348        0x0 ../Test_bsp/\libhal_bsp.a(altera_up_avalon_irda.o)
 .data          0x0000000040001348        0x0 ../Test_bsp/\libhal_bsp.a(altera_up_avalon_ps2.o)
 .data          0x0000000040001348        0x0 ../Test_bsp/\libhal_bsp.a(altera_up_avalon_video_character_buffer_with_dma.o)
 .data          0x0000000040001348        0x0 ../Test_bsp/\libhal_bsp.a(alt_alarm_start.o)
 .data          0x0000000040001348        0x0 ../Test_bsp/\libhal_bsp.a(alt_close.o)
 .data          0x0000000040001348        0x0 ../Test_bsp/\libhal_bsp.a(alt_dcache_flush_all.o)
 .data          0x0000000040001348      0x1a8 ../Test_bsp/\libhal_bsp.a(alt_dev.o)
                0x0000000040001348                alt_dev_null
                0x0000000040001370                alt_fd_list
 .data          0x00000000400014f0        0x0 ../Test_bsp/\libhal_bsp.a(alt_dev_llist_insert.o)
 .data          0x00000000400014f0        0x0 ../Test_bsp/\libhal_bsp.a(alt_do_ctors.o)
 .data          0x00000000400014f0        0x0 ../Test_bsp/\libhal_bsp.a(alt_do_dtors.o)
 .data          0x00000000400014f0        0x0 ../Test_bsp/\libhal_bsp.a(alt_errno.o)
 .data          0x00000000400014f0        0x0 ../Test_bsp/\libhal_bsp.a(alt_find_dev.o)
 .data          0x00000000400014f0        0x0 ../Test_bsp/\libhal_bsp.a(alt_icache_flush_all.o)
 .data          0x00000000400014f0        0x0 ../Test_bsp/\libhal_bsp.a(alt_io_redirect.o)
 .data          0x00000000400014f0        0x0 ../Test_bsp/\libhal_bsp.a(alt_irq_register.o)
 .data          0x00000000400014f0        0x0 ../Test_bsp/\libhal_bsp.a(alt_irq_vars.o)
 .data          0x00000000400014f0        0x0 ../Test_bsp/\libhal_bsp.a(alt_open.o)
 .data          0x00000000400014f0        0x0 ../Test_bsp/\libhal_bsp.a(alt_release_fd.o)
 .data          0x00000000400014f0        0x0 ../Test_bsp/\libhal_bsp.a(alt_tick.o)
 .data          0x00000000400014f0        0x0 ../Test_bsp/\libhal_bsp.a(altera_nios2_gen2_irq.o)
 .data          0x00000000400014f0        0x0 ../Test_bsp/\libhal_bsp.a(alt_find_file.o)
 .data          0x00000000400014f0        0x0 ../Test_bsp/\libhal_bsp.a(alt_get_fd.o)
 .data          0x00000000400014f0        0x0 ../Test_bsp/\libhal_bsp.a(alt_icache_flush.o)
 .data          0x00000000400014f0        0x0 ../Test_bsp/\libhal_bsp.a(alt_irq_entry.o)
 .data          0x00000000400014f0        0x0 ../Test_bsp/\libhal_bsp.a(alt_irq_handler.o)
 .data          0x00000000400014f0        0x0 ../Test_bsp/\libhal_bsp.a(alt_exception_entry.o)
 .data          0x00000000400014f0        0x0 ../Test_bsp/\libhal_bsp.a(alt_instruction_exception_entry.o)
 .data          0x00000000400014f0        0x0 c:/intelfpga_lite/18.1/nios2eds/bin/gnu/h-x86_64-mingw32/bin/../lib/gcc/nios2-elf/5.3.0/../../../../../H-x86_64-mingw32/nios2-elf/lib/mhw-mulx\libc.a(lib_a-atexit.o)
 .data          0x00000000400014f0        0x0 c:/intelfpga_lite/18.1/nios2eds/bin/gnu/h-x86_64-mingw32/bin/../lib/gcc/nios2-elf/5.3.0/../../../../../H-x86_64-mingw32/nios2-elf/lib/mhw-mulx\libc.a(lib_a-exit.o)
 .data          0x00000000400014f0        0x0 c:/intelfpga_lite/18.1/nios2eds/bin/gnu/h-x86_64-mingw32/bin/../lib/gcc/nios2-elf/5.3.0/../../../../../H-x86_64-mingw32/nios2-elf/lib/mhw-mulx\libc.a(lib_a-impure.o)
 .data.impure_data
                0x00000000400014f0      0x424 c:/intelfpga_lite/18.1/nios2eds/bin/gnu/h-x86_64-mingw32/bin/../lib/gcc/nios2-elf/5.3.0/../../../../../H-x86_64-mingw32/nios2-elf/lib/mhw-mulx\libc.a(lib_a-impure.o)
 .data          0x0000000040001914        0x0 c:/intelfpga_lite/18.1/nios2eds/bin/gnu/h-x86_64-mingw32/bin/../lib/gcc/nios2-elf/5.3.0/../../../../../H-x86_64-mingw32/nios2-elf/lib/mhw-mulx\libc.a(lib_a-int_errno.o)
 .data          0x0000000040001914        0x0 c:/intelfpga_lite/18.1/nios2eds/bin/gnu/h-x86_64-mingw32/bin/../lib/gcc/nios2-elf/5.3.0/../../../../../H-x86_64-mingw32/nios2-elf/lib/mhw-mulx\libc.a(lib_a-memcmp.o)
 .data          0x0000000040001914        0x0 c:/intelfpga_lite/18.1/nios2eds/bin/gnu/h-x86_64-mingw32/bin/../lib/gcc/nios2-elf/5.3.0/../../../../../H-x86_64-mingw32/nios2-elf/lib/mhw-mulx\libc.a(lib_a-memcpy.o)
 .data          0x0000000040001914        0x0 c:/intelfpga_lite/18.1/nios2eds/bin/gnu/h-x86_64-mingw32/bin/../lib/gcc/nios2-elf/5.3.0/../../../../../H-x86_64-mingw32/nios2-elf/lib/mhw-mulx\libc.a(lib_a-strcmp.o)
 .data          0x0000000040001914        0x0 c:/intelfpga_lite/18.1/nios2eds/bin/gnu/h-x86_64-mingw32/bin/../lib/gcc/nios2-elf/5.3.0/../../../../../H-x86_64-mingw32/nios2-elf/lib/mhw-mulx\libc.a(lib_a-strlen.o)
 .data          0x0000000040001914        0x0 c:/intelfpga_lite/18.1/nios2eds/bin/gnu/h-x86_64-mingw32/bin/../lib/gcc/nios2-elf/5.3.0/../../../../../H-x86_64-mingw32/nios2-elf/lib/mhw-mulx\libc.a(lib_a-__atexit.o)
 .data          0x0000000040001914        0x0 c:/intelfpga_lite/18.1/nios2eds/bin/gnu/h-x86_64-mingw32/bin/../lib/gcc/nios2-elf/5.3.0/../../../../../H-x86_64-mingw32/nios2-elf/lib/mhw-mulx\libc.a(lib_a-__call_atexit.o)
 .data          0x0000000040001914        0x0 ../Test_bsp/\libhal_bsp.a(alt_exit.o)
                0x0000000040009914                _gp = ABSOLUTE ((. + 0x8000))
                [!provide]                        PROVIDE (gp, _gp)
 *(.rwdata .rwdata.*)
 *(.sdata .sdata.* .gnu.linkonce.s.*)
 .sdata         0x0000000040001914       0x14 ../Test_bsp/\libhal_bsp.a(alt_dev.o)
                0x0000000040001914                alt_fs_list
                0x000000004000191c                alt_dev_list
                0x0000000040001924                alt_max_fd
 .sdata         0x0000000040001928        0x4 ../Test_bsp/\libhal_bsp.a(alt_errno.o)
                0x0000000040001928                alt_errno
 .sdata         0x000000004000192c        0x4 ../Test_bsp/\libhal_bsp.a(alt_irq_vars.o)
                0x000000004000192c                alt_priority_mask
 .sdata         0x0000000040001930        0x8 ../Test_bsp/\libhal_bsp.a(alt_tick.o)
                0x0000000040001930                alt_alarm_list
 .sdata._global_impure_ptr
                0x0000000040001938        0x4 c:/intelfpga_lite/18.1/nios2eds/bin/gnu/h-x86_64-mingw32/bin/../lib/gcc/nios2-elf/5.3.0/../../../../../H-x86_64-mingw32/nios2-elf/lib/mhw-mulx\libc.a(lib_a-impure.o)
                0x0000000040001938                _global_impure_ptr
 .sdata._impure_ptr
                0x000000004000193c        0x4 c:/intelfpga_lite/18.1/nios2eds/bin/gnu/h-x86_64-mingw32/bin/../lib/gcc/nios2-elf/5.3.0/../../../../../H-x86_64-mingw32/nios2-elf/lib/mhw-mulx\libc.a(lib_a-impure.o)
                0x000000004000193c                _impure_ptr
 *(.sdata2 .sdata2.* .gnu.linkonce.s2.*)
                0x0000000040001940                . = ALIGN (0x4)
                0x0000000040001940                _edata = ABSOLUTE (.)
                [!provide]                        PROVIDE (edata, ABSOLUTE (.))
                0x0000000040001940                PROVIDE (__ram_rwdata_end, ABSOLUTE (.))
                0x00000000000038a0                PROVIDE (__flash_rwdata_start, LOADADDR (.rwdata))

.bss            0x0000000040001940      0x120 load address 0x00000000000050bc
                0x0000000040001940                __bss_start = ABSOLUTE (.)
                [!provide]                        PROVIDE (__sbss_start, ABSOLUTE (.))
                [!provide]                        PROVIDE (___sbss_start, ABSOLUTE (.))
 *(.dynsbss)
 *(.sbss .sbss.* .gnu.linkonce.sb.*)
 .sbss          0x0000000040001940        0xc ../Test_bsp/\libhal_bsp.a(alt_main.o)
                0x0000000040001940                alt_argc
                0x0000000040001944                alt_argv
                0x0000000040001948                alt_envp
 .sbss          0x000000004000194c        0x4 ../Test_bsp/\libhal_bsp.a(alt_irq_vars.o)
                0x000000004000194c                alt_irq_active
 .sbss          0x0000000040001950        0x8 ../Test_bsp/\libhal_bsp.a(alt_tick.o)
                0x0000000040001950                _alt_tick_rate
                0x0000000040001954                _alt_nticks
 .sbss          0x0000000040001958        0x4 ../Test_bsp/\libhal_bsp.a(alt_instruction_exception_entry.o)
                0x0000000040001958                alt_instruction_exception_handler
 .sbss          0x000000004000195c        0x4 c:/intelfpga_lite/18.1/nios2eds/bin/gnu/h-x86_64-mingw32/bin/../lib/gcc/nios2-elf/5.3.0/../../../../../H-x86_64-mingw32/nios2-elf/lib/mhw-mulx\libc.a(lib_a-int_errno.o)
                0x000000004000195c                errno
 *(.sbss2 .sbss2.* .gnu.linkonce.sb2.*)
 *(.scommon)
                [!provide]                        PROVIDE (__sbss_end, ABSOLUTE (.))
                [!provide]                        PROVIDE (___sbss_end, ABSOLUTE (.))
 *(.dynbss)
 *(.bss .bss.* .gnu.linkonce.b.*)
 .bss           0x0000000040001960        0x0 ../Test_bsp//obj/HAL/src/crt0.o
 .bss           0x0000000040001960        0x0 obj/default/hello_world.o
 .bss           0x0000000040001960        0x0 ../Test_bsp/\libhal_bsp.a(alt_load.o)
 .bss           0x0000000040001960        0x0 ../Test_bsp/\libhal_bsp.a(alt_main.o)
 .bss           0x0000000040001960        0x0 ../Test_bsp/\libhal_bsp.a(alt_sys_init.o)
 .bss           0x0000000040001960        0x0 ../Test_bsp/\libhal_bsp.a(altera_avalon_jtag_uart_fd.o)
 .bss           0x0000000040001960        0x0 ../Test_bsp/\libhal_bsp.a(altera_avalon_jtag_uart_init.o)
 .bss           0x0000000040001960        0x0 ../Test_bsp/\libhal_bsp.a(altera_avalon_jtag_uart_ioctl.o)
 .bss           0x0000000040001960        0x0 ../Test_bsp/\libhal_bsp.a(altera_avalon_jtag_uart_read.o)
 .bss           0x0000000040001960        0x0 ../Test_bsp/\libhal_bsp.a(altera_avalon_jtag_uart_write.o)
 .bss           0x0000000040001960        0x0 ../Test_bsp/\libhal_bsp.a(altera_avalon_timer_sc.o)
 .bss           0x0000000040001960        0x0 ../Test_bsp/\libhal_bsp.a(altera_up_avalon_irda.o)
 .bss           0x0000000040001960        0x0 ../Test_bsp/\libhal_bsp.a(altera_up_avalon_ps2.o)
 .bss           0x0000000040001960        0x0 ../Test_bsp/\libhal_bsp.a(altera_up_avalon_video_character_buffer_with_dma.o)
 .bss           0x0000000040001960        0x0 ../Test_bsp/\libhal_bsp.a(alt_alarm_start.o)
 .bss           0x0000000040001960        0x0 ../Test_bsp/\libhal_bsp.a(alt_close.o)
 .bss           0x0000000040001960        0x0 ../Test_bsp/\libhal_bsp.a(alt_dcache_flush_all.o)
 .bss           0x0000000040001960        0x0 ../Test_bsp/\libhal_bsp.a(alt_dev.o)
 .bss           0x0000000040001960        0x0 ../Test_bsp/\libhal_bsp.a(alt_dev_llist_insert.o)
 .bss           0x0000000040001960        0x0 ../Test_bsp/\libhal_bsp.a(alt_do_ctors.o)
 .bss           0x0000000040001960        0x0 ../Test_bsp/\libhal_bsp.a(alt_do_dtors.o)
 .bss           0x0000000040001960        0x0 ../Test_bsp/\libhal_bsp.a(alt_errno.o)
 .bss           0x0000000040001960        0x0 ../Test_bsp/\libhal_bsp.a(alt_find_dev.o)
 .bss           0x0000000040001960        0x0 ../Test_bsp/\libhal_bsp.a(alt_icache_flush_all.o)
 .bss           0x0000000040001960        0x0 ../Test_bsp/\libhal_bsp.a(alt_io_redirect.o)
 .bss           0x0000000040001960        0x0 ../Test_bsp/\libhal_bsp.a(alt_irq_register.o)
 .bss           0x0000000040001960        0x0 ../Test_bsp/\libhal_bsp.a(alt_irq_vars.o)
 .bss           0x0000000040001960        0x0 ../Test_bsp/\libhal_bsp.a(alt_open.o)
 .bss           0x0000000040001960        0x0 ../Test_bsp/\libhal_bsp.a(alt_release_fd.o)
 .bss           0x0000000040001960        0x0 ../Test_bsp/\libhal_bsp.a(alt_tick.o)
 .bss           0x0000000040001960        0x0 ../Test_bsp/\libhal_bsp.a(altera_nios2_gen2_irq.o)
 .bss           0x0000000040001960        0x0 ../Test_bsp/\libhal_bsp.a(alt_find_file.o)
 .bss           0x0000000040001960        0x0 ../Test_bsp/\libhal_bsp.a(alt_get_fd.o)
 .bss           0x0000000040001960        0x0 ../Test_bsp/\libhal_bsp.a(alt_icache_flush.o)
 .bss           0x0000000040001960        0x0 ../Test_bsp/\libhal_bsp.a(alt_irq_entry.o)
 .bss           0x0000000040001960        0x0 ../Test_bsp/\libhal_bsp.a(alt_irq_handler.o)
 .bss           0x0000000040001960        0x0 ../Test_bsp/\libhal_bsp.a(alt_exception_entry.o)
 .bss           0x0000000040001960        0x0 ../Test_bsp/\libhal_bsp.a(alt_instruction_exception_entry.o)
 .bss           0x0000000040001960        0x0 c:/intelfpga_lite/18.1/nios2eds/bin/gnu/h-x86_64-mingw32/bin/../lib/gcc/nios2-elf/5.3.0/../../../../../H-x86_64-mingw32/nios2-elf/lib/mhw-mulx\libc.a(lib_a-atexit.o)
 .bss           0x0000000040001960        0x0 c:/intelfpga_lite/18.1/nios2eds/bin/gnu/h-x86_64-mingw32/bin/../lib/gcc/nios2-elf/5.3.0/../../../../../H-x86_64-mingw32/nios2-elf/lib/mhw-mulx\libc.a(lib_a-exit.o)
 .bss           0x0000000040001960        0x0 c:/intelfpga_lite/18.1/nios2eds/bin/gnu/h-x86_64-mingw32/bin/../lib/gcc/nios2-elf/5.3.0/../../../../../H-x86_64-mingw32/nios2-elf/lib/mhw-mulx\libc.a(lib_a-impure.o)
 .bss           0x0000000040001960        0x0 c:/intelfpga_lite/18.1/nios2eds/bin/gnu/h-x86_64-mingw32/bin/../lib/gcc/nios2-elf/5.3.0/../../../../../H-x86_64-mingw32/nios2-elf/lib/mhw-mulx\libc.a(lib_a-int_errno.o)
 .bss           0x0000000040001960        0x0 c:/intelfpga_lite/18.1/nios2eds/bin/gnu/h-x86_64-mingw32/bin/../lib/gcc/nios2-elf/5.3.0/../../../../../H-x86_64-mingw32/nios2-elf/lib/mhw-mulx\libc.a(lib_a-memcmp.o)
 .bss           0x0000000040001960        0x0 c:/intelfpga_lite/18.1/nios2eds/bin/gnu/h-x86_64-mingw32/bin/../lib/gcc/nios2-elf/5.3.0/../../../../../H-x86_64-mingw32/nios2-elf/lib/mhw-mulx\libc.a(lib_a-memcpy.o)
 .bss           0x0000000040001960        0x0 c:/intelfpga_lite/18.1/nios2eds/bin/gnu/h-x86_64-mingw32/bin/../lib/gcc/nios2-elf/5.3.0/../../../../../H-x86_64-mingw32/nios2-elf/lib/mhw-mulx\libc.a(lib_a-strcmp.o)
 .bss           0x0000000040001960        0x0 c:/intelfpga_lite/18.1/nios2eds/bin/gnu/h-x86_64-mingw32/bin/../lib/gcc/nios2-elf/5.3.0/../../../../../H-x86_64-mingw32/nios2-elf/lib/mhw-mulx\libc.a(lib_a-strlen.o)
 .bss           0x0000000040001960        0x0 c:/intelfpga_lite/18.1/nios2eds/bin/gnu/h-x86_64-mingw32/bin/../lib/gcc/nios2-elf/5.3.0/../../../../../H-x86_64-mingw32/nios2-elf/lib/mhw-mulx\libc.a(lib_a-__atexit.o)
 .bss           0x0000000040001960        0x0 c:/intelfpga_lite/18.1/nios2eds/bin/gnu/h-x86_64-mingw32/bin/../lib/gcc/nios2-elf/5.3.0/../../../../../H-x86_64-mingw32/nios2-elf/lib/mhw-mulx\libc.a(lib_a-__call_atexit.o)
 .bss           0x0000000040001960        0x0 ../Test_bsp/\libhal_bsp.a(alt_exit.o)
 *(COMMON)
 COMMON         0x0000000040001960      0x100 ../Test_bsp/\libhal_bsp.a(alt_irq_handler.o)
                0x0000000040001960                alt_irq
                0x0000000040001a60                . = ALIGN (0x4)
                0x0000000040001a60                __bss_end = ABSOLUTE (.)

.SDRAM          0x00000000000050bc        0x0
                [!provide]                        PROVIDE (_alt_partition_SDRAM_start, ABSOLUTE (.))
 *(.SDRAM .SDRAM. SDRAM.*)
                0x00000000000050bc                . = ALIGN (0x4)
                [!provide]                        PROVIDE (_alt_partition_SDRAM_end, ABSOLUTE (.))
                [!provide]                        PROVIDE (_alt_partition_SDRAM_load_addr, LOADADDR (.SDRAM))

.Onchip_SRAM    0x0000000008000000        0x0 load address 0x00000000000050bc
                [!provide]                        PROVIDE (_alt_partition_Onchip_SRAM_start, ABSOLUTE (.))
 *(.Onchip_SRAM .Onchip_SRAM. Onchip_SRAM.*)
                0x0000000008000000                . = ALIGN (0x4)
                [!provide]                        PROVIDE (_alt_partition_Onchip_SRAM_end, ABSOLUTE (.))
                [!provide]                        PROVIDE (_alt_partition_Onchip_SRAM_load_addr, LOADADDR (.Onchip_SRAM))

.ARM_A9_HPS_axi_sdram
                0x0000000040001a60        0x0 load address 0x00000000000050bc
                [!provide]                        PROVIDE (_alt_partition_ARM_A9_HPS_axi_sdram_start, ABSOLUTE (.))
 *(.ARM_A9_HPS_axi_sdram .ARM_A9_HPS_axi_sdram. ARM_A9_HPS_axi_sdram.*)
                0x0000000040001a60                . = ALIGN (0x4)
                [!provide]                        PROVIDE (_alt_partition_ARM_A9_HPS_axi_sdram_end, ABSOLUTE (.))
                0x0000000040001a60                _end = ABSOLUTE (.)
                0x0000000040001a60                end = ABSOLUTE (.)
                0x0000000040001a60                __alt_stack_base = ABSOLUTE (.)
                [!provide]                        PROVIDE (_alt_partition_ARM_A9_HPS_axi_sdram_load_addr, LOADADDR (.ARM_A9_HPS_axi_sdram))

.stab
 *(.stab)

.stabstr
 *(.stabstr)

.stab.excl
 *(.stab.excl)

.stab.exclstr
 *(.stab.exclstr)

.stab.index
 *(.stab.index)

.stab.indexstr
 *(.stab.indexstr)

.comment        0x0000000000000000       0x23
 *(.comment)
 .comment       0x0000000000000000       0x23 obj/default/hello_world.o
                                         0x24 (size before relaxing)
 .comment       0x0000000000000023       0x24 ../Test_bsp/\libhal_bsp.a(alt_load.o)
 .comment       0x0000000000000023       0x24 ../Test_bsp/\libhal_bsp.a(alt_main.o)
 .comment       0x0000000000000023       0x24 ../Test_bsp/\libhal_bsp.a(alt_sys_init.o)
 .comment       0x0000000000000023       0x24 ../Test_bsp/\libhal_bsp.a(altera_avalon_jtag_uart_fd.o)
 .comment       0x0000000000000023       0x24 ../Test_bsp/\libhal_bsp.a(altera_avalon_jtag_uart_init.o)
 .comment       0x0000000000000023       0x24 ../Test_bsp/\libhal_bsp.a(altera_avalon_jtag_uart_ioctl.o)
 .comment       0x0000000000000023       0x24 ../Test_bsp/\libhal_bsp.a(altera_avalon_jtag_uart_read.o)
 .comment       0x0000000000000023       0x24 ../Test_bsp/\libhal_bsp.a(altera_avalon_jtag_uart_write.o)
 .comment       0x0000000000000023       0x24 ../Test_bsp/\libhal_bsp.a(altera_avalon_timer_sc.o)
 .comment       0x0000000000000023       0x24 ../Test_bsp/\libhal_bsp.a(altera_up_avalon_irda.o)
 .comment       0x0000000000000023       0x24 ../Test_bsp/\libhal_bsp.a(altera_up_avalon_ps2.o)
 .comment       0x0000000000000023       0x24 ../Test_bsp/\libhal_bsp.a(altera_up_avalon_video_character_buffer_with_dma.o)
 .comment       0x0000000000000023       0x24 ../Test_bsp/\libhal_bsp.a(alt_alarm_start.o)
 .comment       0x0000000000000023       0x24 ../Test_bsp/\libhal_bsp.a(alt_close.o)
 .comment       0x0000000000000023       0x24 ../Test_bsp/\libhal_bsp.a(alt_dcache_flush_all.o)
 .comment       0x0000000000000023       0x24 ../Test_bsp/\libhal_bsp.a(alt_dev.o)
 .comment       0x0000000000000023       0x24 ../Test_bsp/\libhal_bsp.a(alt_dev_llist_insert.o)
 .comment       0x0000000000000023       0x24 ../Test_bsp/\libhal_bsp.a(alt_do_ctors.o)
 .comment       0x0000000000000023       0x24 ../Test_bsp/\libhal_bsp.a(alt_do_dtors.o)
 .comment       0x0000000000000023       0x24 ../Test_bsp/\libhal_bsp.a(alt_errno.o)
 .comment       0x0000000000000023       0x24 ../Test_bsp/\libhal_bsp.a(alt_find_dev.o)
 .comment       0x0000000000000023       0x24 ../Test_bsp/\libhal_bsp.a(alt_icache_flush_all.o)
 .comment       0x0000000000000023       0x24 ../Test_bsp/\libhal_bsp.a(alt_io_redirect.o)
 .comment       0x0000000000000023       0x24 ../Test_bsp/\libhal_bsp.a(alt_irq_register.o)
 .comment       0x0000000000000023       0x24 ../Test_bsp/\libhal_bsp.a(alt_irq_vars.o)
 .comment       0x0000000000000023       0x24 ../Test_bsp/\libhal_bsp.a(alt_open.o)
 .comment       0x0000000000000023       0x24 ../Test_bsp/\libhal_bsp.a(alt_release_fd.o)
 .comment       0x0000000000000023       0x24 ../Test_bsp/\libhal_bsp.a(alt_tick.o)
 .comment       0x0000000000000023       0x24 ../Test_bsp/\libhal_bsp.a(altera_nios2_gen2_irq.o)
 .comment       0x0000000000000023       0x24 ../Test_bsp/\libhal_bsp.a(alt_find_file.o)
 .comment       0x0000000000000023       0x24 ../Test_bsp/\libhal_bsp.a(alt_get_fd.o)
 .comment       0x0000000000000023       0x24 ../Test_bsp/\libhal_bsp.a(alt_icache_flush.o)
 .comment       0x0000000000000023       0x24 ../Test_bsp/\libhal_bsp.a(alt_irq_handler.o)
 .comment       0x0000000000000023       0x24 ../Test_bsp/\libhal_bsp.a(alt_instruction_exception_entry.o)
 .comment       0x0000000000000023       0x24 c:/intelfpga_lite/18.1/nios2eds/bin/gnu/h-x86_64-mingw32/bin/../lib/gcc/nios2-elf/5.3.0/../../../../../H-x86_64-mingw32/nios2-elf/lib/mhw-mulx\libc.a(lib_a-atexit.o)
 .comment       0x0000000000000023       0x24 c:/intelfpga_lite/18.1/nios2eds/bin/gnu/h-x86_64-mingw32/bin/../lib/gcc/nios2-elf/5.3.0/../../../../../H-x86_64-mingw32/nios2-elf/lib/mhw-mulx\libc.a(lib_a-exit.o)
 .comment       0x0000000000000023       0x24 c:/intelfpga_lite/18.1/nios2eds/bin/gnu/h-x86_64-mingw32/bin/../lib/gcc/nios2-elf/5.3.0/../../../../../H-x86_64-mingw32/nios2-elf/lib/mhw-mulx\libc.a(lib_a-impure.o)
 .comment       0x0000000000000023       0x24 c:/intelfpga_lite/18.1/nios2eds/bin/gnu/h-x86_64-mingw32/bin/../lib/gcc/nios2-elf/5.3.0/../../../../../H-x86_64-mingw32/nios2-elf/lib/mhw-mulx\libc.a(lib_a-int_errno.o)
 .comment       0x0000000000000023       0x24 c:/intelfpga_lite/18.1/nios2eds/bin/gnu/h-x86_64-mingw32/bin/../lib/gcc/nios2-elf/5.3.0/../../../../../H-x86_64-mingw32/nios2-elf/lib/mhw-mulx\libc.a(lib_a-memcmp.o)
 .comment       0x0000000000000023       0x24 c:/intelfpga_lite/18.1/nios2eds/bin/gnu/h-x86_64-mingw32/bin/../lib/gcc/nios2-elf/5.3.0/../../../../../H-x86_64-mingw32/nios2-elf/lib/mhw-mulx\libc.a(lib_a-memcpy.o)
 .comment       0x0000000000000023       0x24 c:/intelfpga_lite/18.1/nios2eds/bin/gnu/h-x86_64-mingw32/bin/../lib/gcc/nios2-elf/5.3.0/../../../../../H-x86_64-mingw32/nios2-elf/lib/mhw-mulx\libc.a(lib_a-strcmp.o)
 .comment       0x0000000000000023       0x24 c:/intelfpga_lite/18.1/nios2eds/bin/gnu/h-x86_64-mingw32/bin/../lib/gcc/nios2-elf/5.3.0/../../../../../H-x86_64-mingw32/nios2-elf/lib/mhw-mulx\libc.a(lib_a-strlen.o)
 .comment       0x0000000000000023       0x24 c:/intelfpga_lite/18.1/nios2eds/bin/gnu/h-x86_64-mingw32/bin/../lib/gcc/nios2-elf/5.3.0/../../../../../H-x86_64-mingw32/nios2-elf/lib/mhw-mulx\libc.a(lib_a-__atexit.o)
 .comment       0x0000000000000023       0x24 c:/intelfpga_lite/18.1/nios2eds/bin/gnu/h-x86_64-mingw32/bin/../lib/gcc/nios2-elf/5.3.0/../../../../../H-x86_64-mingw32/nios2-elf/lib/mhw-mulx\libc.a(lib_a-__call_atexit.o)
 .comment       0x0000000000000023       0x24 ../Test_bsp/\libhal_bsp.a(alt_exit.o)

.debug
 *(.debug)

.line
 *(.line)

.debug_srcinfo
 *(.debug_srcinfo)

.debug_sfnames
 *(.debug_sfnames)

.debug_aranges  0x0000000000000000      0x638
 *(.debug_aranges)
 .debug_aranges
                0x0000000000000000       0x28 ../Test_bsp//obj/HAL/src/crt0.o
 .debug_aranges
                0x0000000000000028       0x20 obj/default/hello_world.o
 .debug_aranges
                0x0000000000000048       0x20 ../Test_bsp/\libhal_bsp.a(alt_load.o)
 .debug_aranges
                0x0000000000000068       0x20 ../Test_bsp/\libhal_bsp.a(alt_main.o)
 .debug_aranges
                0x0000000000000088       0x20 ../Test_bsp/\libhal_bsp.a(alt_sys_init.o)
 .debug_aranges
                0x00000000000000a8       0x20 ../Test_bsp/\libhal_bsp.a(altera_avalon_jtag_uart_fd.o)
 .debug_aranges
                0x00000000000000c8       0x20 ../Test_bsp/\libhal_bsp.a(altera_avalon_jtag_uart_init.o)
 .debug_aranges
                0x00000000000000e8       0x20 ../Test_bsp/\libhal_bsp.a(altera_avalon_jtag_uart_ioctl.o)
 .debug_aranges
                0x0000000000000108       0x20 ../Test_bsp/\libhal_bsp.a(altera_avalon_jtag_uart_read.o)
 .debug_aranges
                0x0000000000000128       0x20 ../Test_bsp/\libhal_bsp.a(altera_avalon_jtag_uart_write.o)
 .debug_aranges
                0x0000000000000148       0x20 ../Test_bsp/\libhal_bsp.a(altera_avalon_timer_sc.o)
 .debug_aranges
                0x0000000000000168       0x20 ../Test_bsp/\libhal_bsp.a(altera_up_avalon_irda.o)
 .debug_aranges
                0x0000000000000188       0x20 ../Test_bsp/\libhal_bsp.a(altera_up_avalon_ps2.o)
 .debug_aranges
                0x00000000000001a8       0x20 ../Test_bsp/\libhal_bsp.a(altera_up_avalon_video_character_buffer_with_dma.o)
 .debug_aranges
                0x00000000000001c8       0x20 ../Test_bsp/\libhal_bsp.a(alt_alarm_start.o)
 .debug_aranges
                0x00000000000001e8       0x20 ../Test_bsp/\libhal_bsp.a(alt_close.o)
 .debug_aranges
                0x0000000000000208       0x20 ../Test_bsp/\libhal_bsp.a(alt_dcache_flush_all.o)
 .debug_aranges
                0x0000000000000228       0x20 ../Test_bsp/\libhal_bsp.a(alt_dev.o)
 .debug_aranges
                0x0000000000000248       0x20 ../Test_bsp/\libhal_bsp.a(alt_dev_llist_insert.o)
 .debug_aranges
                0x0000000000000268       0x20 ../Test_bsp/\libhal_bsp.a(alt_do_ctors.o)
 .debug_aranges
                0x0000000000000288       0x20 ../Test_bsp/\libhal_bsp.a(alt_do_dtors.o)
 .debug_aranges
                0x00000000000002a8       0x18 ../Test_bsp/\libhal_bsp.a(alt_errno.o)
 .debug_aranges
                0x00000000000002c0       0x20 ../Test_bsp/\libhal_bsp.a(alt_find_dev.o)
 .debug_aranges
                0x00000000000002e0       0x20 ../Test_bsp/\libhal_bsp.a(alt_icache_flush_all.o)
 .debug_aranges
                0x0000000000000300       0x20 ../Test_bsp/\libhal_bsp.a(alt_io_redirect.o)
 .debug_aranges
                0x0000000000000320       0x20 ../Test_bsp/\libhal_bsp.a(alt_irq_register.o)
 .debug_aranges
                0x0000000000000340       0x18 ../Test_bsp/\libhal_bsp.a(alt_irq_vars.o)
 .debug_aranges
                0x0000000000000358       0x20 ../Test_bsp/\libhal_bsp.a(alt_open.o)
 .debug_aranges
                0x0000000000000378       0x20 ../Test_bsp/\libhal_bsp.a(alt_release_fd.o)
 .debug_aranges
                0x0000000000000398       0x20 ../Test_bsp/\libhal_bsp.a(alt_tick.o)
 .debug_aranges
                0x00000000000003b8       0x20 ../Test_bsp/\libhal_bsp.a(altera_nios2_gen2_irq.o)
 .debug_aranges
                0x00000000000003d8       0x20 ../Test_bsp/\libhal_bsp.a(alt_find_file.o)
 .debug_aranges
                0x00000000000003f8       0x20 ../Test_bsp/\libhal_bsp.a(alt_get_fd.o)
 .debug_aranges
                0x0000000000000418       0x20 ../Test_bsp/\libhal_bsp.a(alt_icache_flush.o)
 .debug_aranges
                0x0000000000000438       0x30 ../Test_bsp/\libhal_bsp.a(alt_irq_entry.o)
 .debug_aranges
                0x0000000000000468       0x20 ../Test_bsp/\libhal_bsp.a(alt_irq_handler.o)
 .debug_aranges
                0x0000000000000488       0x38 ../Test_bsp/\libhal_bsp.a(alt_exception_entry.o)
 .debug_aranges
                0x00000000000004c0       0x28 ../Test_bsp/\libhal_bsp.a(alt_instruction_exception_entry.o)
 .debug_aranges
                0x00000000000004e8       0x20 c:/intelfpga_lite/18.1/nios2eds/bin/gnu/h-x86_64-mingw32/bin/../lib/gcc/nios2-elf/5.3.0/../../../../../H-x86_64-mingw32/nios2-elf/lib/mhw-mulx\libc.a(lib_a-atexit.o)
 .debug_aranges
                0x0000000000000508       0x20 c:/intelfpga_lite/18.1/nios2eds/bin/gnu/h-x86_64-mingw32/bin/../lib/gcc/nios2-elf/5.3.0/../../../../../H-x86_64-mingw32/nios2-elf/lib/mhw-mulx\libc.a(lib_a-exit.o)
 .debug_aranges
                0x0000000000000528       0x18 c:/intelfpga_lite/18.1/nios2eds/bin/gnu/h-x86_64-mingw32/bin/../lib/gcc/nios2-elf/5.3.0/../../../../../H-x86_64-mingw32/nios2-elf/lib/mhw-mulx\libc.a(lib_a-impure.o)
 .debug_aranges
                0x0000000000000540       0x18 c:/intelfpga_lite/18.1/nios2eds/bin/gnu/h-x86_64-mingw32/bin/../lib/gcc/nios2-elf/5.3.0/../../../../../H-x86_64-mingw32/nios2-elf/lib/mhw-mulx\libc.a(lib_a-int_errno.o)
 .debug_aranges
                0x0000000000000558       0x20 c:/intelfpga_lite/18.1/nios2eds/bin/gnu/h-x86_64-mingw32/bin/../lib/gcc/nios2-elf/5.3.0/../../../../../H-x86_64-mingw32/nios2-elf/lib/mhw-mulx\libc.a(lib_a-memcmp.o)
 .debug_aranges
                0x0000000000000578       0x20 c:/intelfpga_lite/18.1/nios2eds/bin/gnu/h-x86_64-mingw32/bin/../lib/gcc/nios2-elf/5.3.0/../../../../../H-x86_64-mingw32/nios2-elf/lib/mhw-mulx\libc.a(lib_a-memcpy.o)
 .debug_aranges
                0x0000000000000598       0x20 c:/intelfpga_lite/18.1/nios2eds/bin/gnu/h-x86_64-mingw32/bin/../lib/gcc/nios2-elf/5.3.0/../../../../../H-x86_64-mingw32/nios2-elf/lib/mhw-mulx\libc.a(lib_a-strcmp.o)
 .debug_aranges
                0x00000000000005b8       0x20 c:/intelfpga_lite/18.1/nios2eds/bin/gnu/h-x86_64-mingw32/bin/../lib/gcc/nios2-elf/5.3.0/../../../../../H-x86_64-mingw32/nios2-elf/lib/mhw-mulx\libc.a(lib_a-strlen.o)
 .debug_aranges
                0x00000000000005d8       0x20 c:/intelfpga_lite/18.1/nios2eds/bin/gnu/h-x86_64-mingw32/bin/../lib/gcc/nios2-elf/5.3.0/../../../../../H-x86_64-mingw32/nios2-elf/lib/mhw-mulx\libc.a(lib_a-__atexit.o)
 .debug_aranges
                0x00000000000005f8       0x20 c:/intelfpga_lite/18.1/nios2eds/bin/gnu/h-x86_64-mingw32/bin/../lib/gcc/nios2-elf/5.3.0/../../../../../H-x86_64-mingw32/nios2-elf/lib/mhw-mulx\libc.a(lib_a-__call_atexit.o)
 .debug_aranges
                0x0000000000000618       0x20 ../Test_bsp/\libhal_bsp.a(alt_exit.o)

.debug_pubnames
 *(.debug_pubnames)

.debug_info     0x0000000000000000     0x8d62
 *(.debug_info .gnu.linkonce.wi.*)
 .debug_info    0x0000000000000000       0x80 ../Test_bsp//obj/HAL/src/crt0.o
 .debug_info    0x0000000000000080      0x14a obj/default/hello_world.o
 .debug_info    0x00000000000001ca      0x145 ../Test_bsp/\libhal_bsp.a(alt_load.o)
 .debug_info    0x000000000000030f      0x157 ../Test_bsp/\libhal_bsp.a(alt_main.o)
 .debug_info    0x0000000000000466      0x86c ../Test_bsp/\libhal_bsp.a(alt_sys_init.o)
 .debug_info    0x0000000000000cd2      0x52e ../Test_bsp/\libhal_bsp.a(altera_avalon_jtag_uart_fd.o)
 .debug_info    0x0000000000001200      0x3c3 ../Test_bsp/\libhal_bsp.a(altera_avalon_jtag_uart_init.o)
 .debug_info    0x00000000000015c3      0x280 ../Test_bsp/\libhal_bsp.a(altera_avalon_jtag_uart_ioctl.o)
 .debug_info    0x0000000000001843      0x35b ../Test_bsp/\libhal_bsp.a(altera_avalon_jtag_uart_read.o)
 .debug_info    0x0000000000001b9e      0x356 ../Test_bsp/\libhal_bsp.a(altera_avalon_jtag_uart_write.o)
 .debug_info    0x0000000000001ef4      0x249 ../Test_bsp/\libhal_bsp.a(altera_avalon_timer_sc.o)
 .debug_info    0x000000000000213d      0x568 ../Test_bsp/\libhal_bsp.a(altera_up_avalon_irda.o)
 .debug_info    0x00000000000026a5      0x7d4 ../Test_bsp/\libhal_bsp.a(altera_up_avalon_ps2.o)
 .debug_info    0x0000000000002e79      0x468 ../Test_bsp/\libhal_bsp.a(altera_up_avalon_video_character_buffer_with_dma.o)
 .debug_info    0x00000000000032e1      0x2e2 ../Test_bsp/\libhal_bsp.a(alt_alarm_start.o)
 .debug_info    0x00000000000035c3      0x321 ../Test_bsp/\libhal_bsp.a(alt_close.o)
 .debug_info    0x00000000000038e4       0x92 ../Test_bsp/\libhal_bsp.a(alt_dcache_flush_all.o)
 .debug_info    0x0000000000003976      0x49c ../Test_bsp/\libhal_bsp.a(alt_dev.o)
 .debug_info    0x0000000000003e12      0x1a9 ../Test_bsp/\libhal_bsp.a(alt_dev_llist_insert.o)
 .debug_info    0x0000000000003fbb       0x83 ../Test_bsp/\libhal_bsp.a(alt_do_ctors.o)
 .debug_info    0x000000000000403e       0x83 ../Test_bsp/\libhal_bsp.a(alt_do_dtors.o)
 .debug_info    0x00000000000040c1       0xa6 ../Test_bsp/\libhal_bsp.a(alt_errno.o)
 .debug_info    0x0000000000004167      0x2e9 ../Test_bsp/\libhal_bsp.a(alt_find_dev.o)
 .debug_info    0x0000000000004450       0x92 ../Test_bsp/\libhal_bsp.a(alt_icache_flush_all.o)
 .debug_info    0x00000000000044e2      0x4a5 ../Test_bsp/\libhal_bsp.a(alt_io_redirect.o)
 .debug_info    0x0000000000004987      0x329 ../Test_bsp/\libhal_bsp.a(alt_irq_register.o)
 .debug_info    0x0000000000004cb0       0x88 ../Test_bsp/\libhal_bsp.a(alt_irq_vars.o)
 .debug_info    0x0000000000004d38      0x3bb ../Test_bsp/\libhal_bsp.a(alt_open.o)
 .debug_info    0x00000000000050f3      0x2b0 ../Test_bsp/\libhal_bsp.a(alt_release_fd.o)
 .debug_info    0x00000000000053a3      0x2af ../Test_bsp/\libhal_bsp.a(alt_tick.o)
 .debug_info    0x0000000000005652       0xb8 ../Test_bsp/\libhal_bsp.a(altera_nios2_gen2_irq.o)
 .debug_info    0x000000000000570a      0x2e6 ../Test_bsp/\libhal_bsp.a(alt_find_file.o)
 .debug_info    0x00000000000059f0      0x310 ../Test_bsp/\libhal_bsp.a(alt_get_fd.o)
 .debug_info    0x0000000000005d00       0xdc ../Test_bsp/\libhal_bsp.a(alt_icache_flush.o)
 .debug_info    0x0000000000005ddc       0x89 ../Test_bsp/\libhal_bsp.a(alt_irq_entry.o)
 .debug_info    0x0000000000005e65      0x1a7 ../Test_bsp/\libhal_bsp.a(alt_irq_handler.o)
 .debug_info    0x000000000000600c       0x8f ../Test_bsp/\libhal_bsp.a(alt_exception_entry.o)
 .debug_info    0x000000000000609b      0x1e7 ../Test_bsp/\libhal_bsp.a(alt_instruction_exception_entry.o)
 .debug_info    0x0000000000006282       0xfe c:/intelfpga_lite/18.1/nios2eds/bin/gnu/h-x86_64-mingw32/bin/../lib/gcc/nios2-elf/5.3.0/../../../../../H-x86_64-mingw32/nios2-elf/lib/mhw-mulx\libc.a(lib_a-atexit.o)
 .debug_info    0x0000000000006380      0x8e4 c:/intelfpga_lite/18.1/nios2eds/bin/gnu/h-x86_64-mingw32/bin/../lib/gcc/nios2-elf/5.3.0/../../../../../H-x86_64-mingw32/nios2-elf/lib/mhw-mulx\libc.a(lib_a-exit.o)
 .debug_info    0x0000000000006c64      0x8a1 c:/intelfpga_lite/18.1/nios2eds/bin/gnu/h-x86_64-mingw32/bin/../lib/gcc/nios2-elf/5.3.0/../../../../../H-x86_64-mingw32/nios2-elf/lib/mhw-mulx\libc.a(lib_a-impure.o)
 .debug_info    0x0000000000007505       0x8a c:/intelfpga_lite/18.1/nios2eds/bin/gnu/h-x86_64-mingw32/bin/../lib/gcc/nios2-elf/5.3.0/../../../../../H-x86_64-mingw32/nios2-elf/lib/mhw-mulx\libc.a(lib_a-int_errno.o)
 .debug_info    0x000000000000758f      0x11a c:/intelfpga_lite/18.1/nios2eds/bin/gnu/h-x86_64-mingw32/bin/../lib/gcc/nios2-elf/5.3.0/../../../../../H-x86_64-mingw32/nios2-elf/lib/mhw-mulx\libc.a(lib_a-memcmp.o)
 .debug_info    0x00000000000076a9      0x144 c:/intelfpga_lite/18.1/nios2eds/bin/gnu/h-x86_64-mingw32/bin/../lib/gcc/nios2-elf/5.3.0/../../../../../H-x86_64-mingw32/nios2-elf/lib/mhw-mulx\libc.a(lib_a-memcpy.o)
 .debug_info    0x00000000000077ed       0xe4 c:/intelfpga_lite/18.1/nios2eds/bin/gnu/h-x86_64-mingw32/bin/../lib/gcc/nios2-elf/5.3.0/../../../../../H-x86_64-mingw32/nios2-elf/lib/mhw-mulx\libc.a(lib_a-strcmp.o)
 .debug_info    0x00000000000078d1       0xe2 c:/intelfpga_lite/18.1/nios2eds/bin/gnu/h-x86_64-mingw32/bin/../lib/gcc/nios2-elf/5.3.0/../../../../../H-x86_64-mingw32/nios2-elf/lib/mhw-mulx\libc.a(lib_a-strlen.o)
 .debug_info    0x00000000000079b3      0x934 c:/intelfpga_lite/18.1/nios2eds/bin/gnu/h-x86_64-mingw32/bin/../lib/gcc/nios2-elf/5.3.0/../../../../../H-x86_64-mingw32/nios2-elf/lib/mhw-mulx\libc.a(lib_a-__atexit.o)
 .debug_info    0x00000000000082e7      0x965 c:/intelfpga_lite/18.1/nios2eds/bin/gnu/h-x86_64-mingw32/bin/../lib/gcc/nios2-elf/5.3.0/../../../../../H-x86_64-mingw32/nios2-elf/lib/mhw-mulx\libc.a(lib_a-__call_atexit.o)
 .debug_info    0x0000000000008c4c      0x116 ../Test_bsp/\libhal_bsp.a(alt_exit.o)

.debug_abbrev   0x0000000000000000     0x2eb5
 *(.debug_abbrev)
 .debug_abbrev  0x0000000000000000       0x12 ../Test_bsp//obj/HAL/src/crt0.o
 .debug_abbrev  0x0000000000000012       0xc2 obj/default/hello_world.o
 .debug_abbrev  0x00000000000000d4       0x9f ../Test_bsp/\libhal_bsp.a(alt_load.o)
 .debug_abbrev  0x0000000000000173       0xc1 ../Test_bsp/\libhal_bsp.a(alt_main.o)
 .debug_abbrev  0x0000000000000234      0x19f ../Test_bsp/\libhal_bsp.a(alt_sys_init.o)
 .debug_abbrev  0x00000000000003d3      0x127 ../Test_bsp/\libhal_bsp.a(altera_avalon_jtag_uart_fd.o)
 .debug_abbrev  0x00000000000004fa      0x19e ../Test_bsp/\libhal_bsp.a(altera_avalon_jtag_uart_init.o)
 .debug_abbrev  0x0000000000000698      0x111 ../Test_bsp/\libhal_bsp.a(altera_avalon_jtag_uart_ioctl.o)
 .debug_abbrev  0x00000000000007a9      0x1aa ../Test_bsp/\libhal_bsp.a(altera_avalon_jtag_uart_read.o)
 .debug_abbrev  0x0000000000000953      0x1a8 ../Test_bsp/\libhal_bsp.a(altera_avalon_jtag_uart_write.o)
 .debug_abbrev  0x0000000000000afb      0x155 ../Test_bsp/\libhal_bsp.a(altera_avalon_timer_sc.o)
 .debug_abbrev  0x0000000000000c50      0x135 ../Test_bsp/\libhal_bsp.a(altera_up_avalon_irda.o)
 .debug_abbrev  0x0000000000000d85      0x1a1 ../Test_bsp/\libhal_bsp.a(altera_up_avalon_ps2.o)
 .debug_abbrev  0x0000000000000f26      0x135 ../Test_bsp/\libhal_bsp.a(altera_up_avalon_video_character_buffer_with_dma.o)
 .debug_abbrev  0x000000000000105b      0x162 ../Test_bsp/\libhal_bsp.a(alt_alarm_start.o)
 .debug_abbrev  0x00000000000011bd      0x11f ../Test_bsp/\libhal_bsp.a(alt_close.o)
 .debug_abbrev  0x00000000000012dc       0x42 ../Test_bsp/\libhal_bsp.a(alt_dcache_flush_all.o)
 .debug_abbrev  0x000000000000131e       0xd9 ../Test_bsp/\libhal_bsp.a(alt_dev.o)
 .debug_abbrev  0x00000000000013f7      0x114 ../Test_bsp/\libhal_bsp.a(alt_dev_llist_insert.o)
 .debug_abbrev  0x000000000000150b       0x79 ../Test_bsp/\libhal_bsp.a(alt_do_ctors.o)
 .debug_abbrev  0x0000000000001584       0x79 ../Test_bsp/\libhal_bsp.a(alt_do_dtors.o)
 .debug_abbrev  0x00000000000015fd       0x5a ../Test_bsp/\libhal_bsp.a(alt_errno.o)
 .debug_abbrev  0x0000000000001657       0xf0 ../Test_bsp/\libhal_bsp.a(alt_find_dev.o)
 .debug_abbrev  0x0000000000001747       0x42 ../Test_bsp/\libhal_bsp.a(alt_icache_flush_all.o)
 .debug_abbrev  0x0000000000001789      0x114 ../Test_bsp/\libhal_bsp.a(alt_io_redirect.o)
 .debug_abbrev  0x000000000000189d      0x186 ../Test_bsp/\libhal_bsp.a(alt_irq_register.o)
 .debug_abbrev  0x0000000000001a23       0x40 ../Test_bsp/\libhal_bsp.a(alt_irq_vars.o)
 .debug_abbrev  0x0000000000001a63      0x148 ../Test_bsp/\libhal_bsp.a(alt_open.o)
 .debug_abbrev  0x0000000000001bab       0xde ../Test_bsp/\libhal_bsp.a(alt_release_fd.o)
 .debug_abbrev  0x0000000000001c89      0x16b ../Test_bsp/\libhal_bsp.a(alt_tick.o)
 .debug_abbrev  0x0000000000001df4       0x67 ../Test_bsp/\libhal_bsp.a(altera_nios2_gen2_irq.o)
 .debug_abbrev  0x0000000000001e5b       0xf0 ../Test_bsp/\libhal_bsp.a(alt_find_file.o)
 .debug_abbrev  0x0000000000001f4b      0x10d ../Test_bsp/\libhal_bsp.a(alt_get_fd.o)
 .debug_abbrev  0x0000000000002058       0x8c ../Test_bsp/\libhal_bsp.a(alt_icache_flush.o)
 .debug_abbrev  0x00000000000020e4       0x12 ../Test_bsp/\libhal_bsp.a(alt_irq_entry.o)
 .debug_abbrev  0x00000000000020f6      0x13a ../Test_bsp/\libhal_bsp.a(alt_irq_handler.o)
 .debug_abbrev  0x0000000000002230       0x12 ../Test_bsp/\libhal_bsp.a(alt_exception_entry.o)
 .debug_abbrev  0x0000000000002242       0xdc ../Test_bsp/\libhal_bsp.a(alt_instruction_exception_entry.o)
 .debug_abbrev  0x000000000000231e       0xaa c:/intelfpga_lite/18.1/nios2eds/bin/gnu/h-x86_64-mingw32/bin/../lib/gcc/nios2-elf/5.3.0/../../../../../H-x86_64-mingw32/nios2-elf/lib/mhw-mulx\libc.a(lib_a-atexit.o)
 .debug_abbrev  0x00000000000023c8      0x1e5 c:/intelfpga_lite/18.1/nios2eds/bin/gnu/h-x86_64-mingw32/bin/../lib/gcc/nios2-elf/5.3.0/../../../../../H-x86_64-mingw32/nios2-elf/lib/mhw-mulx\libc.a(lib_a-exit.o)
 .debug_abbrev  0x00000000000025ad      0x18f c:/intelfpga_lite/18.1/nios2eds/bin/gnu/h-x86_64-mingw32/bin/../lib/gcc/nios2-elf/5.3.0/../../../../../H-x86_64-mingw32/nios2-elf/lib/mhw-mulx\libc.a(lib_a-impure.o)
 .debug_abbrev  0x000000000000273c       0x37 c:/intelfpga_lite/18.1/nios2eds/bin/gnu/h-x86_64-mingw32/bin/../lib/gcc/nios2-elf/5.3.0/../../../../../H-x86_64-mingw32/nios2-elf/lib/mhw-mulx\libc.a(lib_a-int_errno.o)
 .debug_abbrev  0x0000000000002773       0x7f c:/intelfpga_lite/18.1/nios2eds/bin/gnu/h-x86_64-mingw32/bin/../lib/gcc/nios2-elf/5.3.0/../../../../../H-x86_64-mingw32/nios2-elf/lib/mhw-mulx\libc.a(lib_a-memcmp.o)
 .debug_abbrev  0x00000000000027f2       0xa3 c:/intelfpga_lite/18.1/nios2eds/bin/gnu/h-x86_64-mingw32/bin/../lib/gcc/nios2-elf/5.3.0/../../../../../H-x86_64-mingw32/nios2-elf/lib/mhw-mulx\libc.a(lib_a-memcpy.o)
 .debug_abbrev  0x0000000000002895       0x74 c:/intelfpga_lite/18.1/nios2eds/bin/gnu/h-x86_64-mingw32/bin/../lib/gcc/nios2-elf/5.3.0/../../../../../H-x86_64-mingw32/nios2-elf/lib/mhw-mulx\libc.a(lib_a-strcmp.o)
 .debug_abbrev  0x0000000000002909       0x90 c:/intelfpga_lite/18.1/nios2eds/bin/gnu/h-x86_64-mingw32/bin/../lib/gcc/nios2-elf/5.3.0/../../../../../H-x86_64-mingw32/nios2-elf/lib/mhw-mulx\libc.a(lib_a-strlen.o)
 .debug_abbrev  0x0000000000002999      0x21e c:/intelfpga_lite/18.1/nios2eds/bin/gnu/h-x86_64-mingw32/bin/../lib/gcc/nios2-elf/5.3.0/../../../../../H-x86_64-mingw32/nios2-elf/lib/mhw-mulx\libc.a(lib_a-__atexit.o)
 .debug_abbrev  0x0000000000002bb7      0x22e c:/intelfpga_lite/18.1/nios2eds/bin/gnu/h-x86_64-mingw32/bin/../lib/gcc/nios2-elf/5.3.0/../../../../../H-x86_64-mingw32/nios2-elf/lib/mhw-mulx\libc.a(lib_a-__call_atexit.o)
 .debug_abbrev  0x0000000000002de5       0xd0 ../Test_bsp/\libhal_bsp.a(alt_exit.o)

.debug_line     0x0000000000000000     0x3234
 *(.debug_line)
 .debug_line    0x0000000000000000       0x6c ../Test_bsp//obj/HAL/src/crt0.o
 .debug_line    0x000000000000006c       0x8c obj/default/hello_world.o
 .debug_line    0x00000000000000f8       0x8e ../Test_bsp/\libhal_bsp.a(alt_load.o)
 .debug_line    0x0000000000000186       0xd1 ../Test_bsp/\libhal_bsp.a(alt_main.o)
 .debug_line    0x0000000000000257      0x2b0 ../Test_bsp/\libhal_bsp.a(alt_sys_init.o)
 .debug_line    0x0000000000000507      0x12f ../Test_bsp/\libhal_bsp.a(altera_avalon_jtag_uart_fd.o)
 .debug_line    0x0000000000000636      0x19f ../Test_bsp/\libhal_bsp.a(altera_avalon_jtag_uart_init.o)
 .debug_line    0x00000000000007d5      0x131 ../Test_bsp/\libhal_bsp.a(altera_avalon_jtag_uart_ioctl.o)
 .debug_line    0x0000000000000906      0x185 ../Test_bsp/\libhal_bsp.a(altera_avalon_jtag_uart_read.o)
 .debug_line    0x0000000000000a8b      0x184 ../Test_bsp/\libhal_bsp.a(altera_avalon_jtag_uart_write.o)
 .debug_line    0x0000000000000c0f      0x113 ../Test_bsp/\libhal_bsp.a(altera_avalon_timer_sc.o)
 .debug_line    0x0000000000000d22      0x13c ../Test_bsp/\libhal_bsp.a(altera_up_avalon_irda.o)
 .debug_line    0x0000000000000e5e      0x1a5 ../Test_bsp/\libhal_bsp.a(altera_up_avalon_ps2.o)
 .debug_line    0x0000000000001003      0x16c ../Test_bsp/\libhal_bsp.a(altera_up_avalon_video_character_buffer_with_dma.o)
 .debug_line    0x000000000000116f      0x10d ../Test_bsp/\libhal_bsp.a(alt_alarm_start.o)
 .debug_line    0x000000000000127c      0x165 ../Test_bsp/\libhal_bsp.a(alt_close.o)
 .debug_line    0x00000000000013e1       0x51 ../Test_bsp/\libhal_bsp.a(alt_dcache_flush_all.o)
 .debug_line    0x0000000000001432       0xf8 ../Test_bsp/\libhal_bsp.a(alt_dev.o)
 .debug_line    0x000000000000152a       0xcf ../Test_bsp/\libhal_bsp.a(alt_dev_llist_insert.o)
 .debug_line    0x00000000000015f9       0x59 ../Test_bsp/\libhal_bsp.a(alt_do_ctors.o)
 .debug_line    0x0000000000001652       0x59 ../Test_bsp/\libhal_bsp.a(alt_do_dtors.o)
 .debug_line    0x00000000000016ab       0x51 ../Test_bsp/\libhal_bsp.a(alt_errno.o)
 .debug_line    0x00000000000016fc       0xb5 ../Test_bsp/\libhal_bsp.a(alt_find_dev.o)
 .debug_line    0x00000000000017b1       0x50 ../Test_bsp/\libhal_bsp.a(alt_icache_flush_all.o)
 .debug_line    0x0000000000001801      0x133 ../Test_bsp/\libhal_bsp.a(alt_io_redirect.o)
 .debug_line    0x0000000000001934      0x155 ../Test_bsp/\libhal_bsp.a(alt_irq_register.o)
 .debug_line    0x0000000000001a89       0x50 ../Test_bsp/\libhal_bsp.a(alt_irq_vars.o)
 .debug_line    0x0000000000001ad9      0x128 ../Test_bsp/\libhal_bsp.a(alt_open.o)
 .debug_line    0x0000000000001c01       0xae ../Test_bsp/\libhal_bsp.a(alt_release_fd.o)
 .debug_line    0x0000000000001caf      0x113 ../Test_bsp/\libhal_bsp.a(alt_tick.o)
 .debug_line    0x0000000000001dc2       0x8d ../Test_bsp/\libhal_bsp.a(altera_nios2_gen2_irq.o)
 .debug_line    0x0000000000001e4f       0xd1 ../Test_bsp/\libhal_bsp.a(alt_find_file.o)
 .debug_line    0x0000000000001f20       0xd4 ../Test_bsp/\libhal_bsp.a(alt_get_fd.o)
 .debug_line    0x0000000000001ff4       0x81 ../Test_bsp/\libhal_bsp.a(alt_icache_flush.o)
 .debug_line    0x0000000000002075       0x6b ../Test_bsp/\libhal_bsp.a(alt_irq_entry.o)
 .debug_line    0x00000000000020e0       0xcd ../Test_bsp/\libhal_bsp.a(alt_irq_handler.o)
 .debug_line    0x00000000000021ad       0xb3 ../Test_bsp/\libhal_bsp.a(alt_exception_entry.o)
 .debug_line    0x0000000000002260       0xba ../Test_bsp/\libhal_bsp.a(alt_instruction_exception_entry.o)
 .debug_line    0x000000000000231a       0xe7 c:/intelfpga_lite/18.1/nios2eds/bin/gnu/h-x86_64-mingw32/bin/../lib/gcc/nios2-elf/5.3.0/../../../../../H-x86_64-mingw32/nios2-elf/lib/mhw-mulx\libc.a(lib_a-atexit.o)
 .debug_line    0x0000000000002401      0x1fc c:/intelfpga_lite/18.1/nios2eds/bin/gnu/h-x86_64-mingw32/bin/../lib/gcc/nios2-elf/5.3.0/../../../../../H-x86_64-mingw32/nios2-elf/lib/mhw-mulx\libc.a(lib_a-exit.o)
 .debug_line    0x00000000000025fd      0x160 c:/intelfpga_lite/18.1/nios2eds/bin/gnu/h-x86_64-mingw32/bin/../lib/gcc/nios2-elf/5.3.0/../../../../../H-x86_64-mingw32/nios2-elf/lib/mhw-mulx\libc.a(lib_a-impure.o)
 .debug_line    0x000000000000275d       0x5f c:/intelfpga_lite/18.1/nios2eds/bin/gnu/h-x86_64-mingw32/bin/../lib/gcc/nios2-elf/5.3.0/../../../../../H-x86_64-mingw32/nios2-elf/lib/mhw-mulx\libc.a(lib_a-int_errno.o)
 .debug_line    0x00000000000027bc      0x176 c:/intelfpga_lite/18.1/nios2eds/bin/gnu/h-x86_64-mingw32/bin/../lib/gcc/nios2-elf/5.3.0/../../../../../H-x86_64-mingw32/nios2-elf/lib/mhw-mulx\libc.a(lib_a-memcmp.o)
 .debug_line    0x0000000000002932      0x18c c:/intelfpga_lite/18.1/nios2eds/bin/gnu/h-x86_64-mingw32/bin/../lib/gcc/nios2-elf/5.3.0/../../../../../H-x86_64-mingw32/nios2-elf/lib/mhw-mulx\libc.a(lib_a-memcpy.o)
 .debug_line    0x0000000000002abe      0x101 c:/intelfpga_lite/18.1/nios2eds/bin/gnu/h-x86_64-mingw32/bin/../lib/gcc/nios2-elf/5.3.0/../../../../../H-x86_64-mingw32/nios2-elf/lib/mhw-mulx\libc.a(lib_a-strcmp.o)
 .debug_line    0x0000000000002bbf      0x16f c:/intelfpga_lite/18.1/nios2eds/bin/gnu/h-x86_64-mingw32/bin/../lib/gcc/nios2-elf/5.3.0/../../../../../H-x86_64-mingw32/nios2-elf/lib/mhw-mulx\libc.a(lib_a-strlen.o)
 .debug_line    0x0000000000002d2e      0x21f c:/intelfpga_lite/18.1/nios2eds/bin/gnu/h-x86_64-mingw32/bin/../lib/gcc/nios2-elf/5.3.0/../../../../../H-x86_64-mingw32/nios2-elf/lib/mhw-mulx\libc.a(lib_a-__atexit.o)
 .debug_line    0x0000000000002f4d      0x23a c:/intelfpga_lite/18.1/nios2eds/bin/gnu/h-x86_64-mingw32/bin/../lib/gcc/nios2-elf/5.3.0/../../../../../H-x86_64-mingw32/nios2-elf/lib/mhw-mulx\libc.a(lib_a-__call_atexit.o)
 .debug_line    0x0000000000003187       0xad ../Test_bsp/\libhal_bsp.a(alt_exit.o)

.debug_frame    0x0000000000000000     0x1008
 *(.debug_frame)
 .debug_frame   0x0000000000000000       0xa8 obj/default/hello_world.o
 .debug_frame   0x00000000000000a8       0x5c ../Test_bsp/\libhal_bsp.a(alt_load.o)
 .debug_frame   0x0000000000000104       0x2c ../Test_bsp/\libhal_bsp.a(alt_main.o)
 .debug_frame   0x0000000000000130       0x88 ../Test_bsp/\libhal_bsp.a(alt_sys_init.o)
 .debug_frame   0x00000000000001b8       0xb0 ../Test_bsp/\libhal_bsp.a(altera_avalon_jtag_uart_fd.o)
 .debug_frame   0x0000000000000268       0xa4 ../Test_bsp/\libhal_bsp.a(altera_avalon_jtag_uart_init.o)
 .debug_frame   0x000000000000030c       0x34 ../Test_bsp/\libhal_bsp.a(altera_avalon_jtag_uart_ioctl.o)
 .debug_frame   0x0000000000000340       0x38 ../Test_bsp/\libhal_bsp.a(altera_avalon_jtag_uart_read.o)
 .debug_frame   0x0000000000000378       0x38 ../Test_bsp/\libhal_bsp.a(altera_avalon_jtag_uart_write.o)
 .debug_frame   0x00000000000003b0       0x60 ../Test_bsp/\libhal_bsp.a(altera_avalon_timer_sc.o)
 .debug_frame   0x0000000000000410      0x188 ../Test_bsp/\libhal_bsp.a(altera_up_avalon_irda.o)
 .debug_frame   0x0000000000000598      0x2c0 ../Test_bsp/\libhal_bsp.a(altera_up_avalon_ps2.o)
 .debug_frame   0x0000000000000858       0xcc ../Test_bsp/\libhal_bsp.a(altera_up_avalon_video_character_buffer_with_dma.o)
 .debug_frame   0x0000000000000924       0x34 ../Test_bsp/\libhal_bsp.a(alt_alarm_start.o)
 .debug_frame   0x0000000000000958       0x60 ../Test_bsp/\libhal_bsp.a(alt_close.o)
 .debug_frame   0x00000000000009b8       0x34 ../Test_bsp/\libhal_bsp.a(alt_dcache_flush_all.o)
 .debug_frame   0x00000000000009ec       0x34 ../Test_bsp/\libhal_bsp.a(alt_dev.o)
 .debug_frame   0x0000000000000a20       0x60 ../Test_bsp/\libhal_bsp.a(alt_dev_llist_insert.o)
 .debug_frame   0x0000000000000a80       0x38 ../Test_bsp/\libhal_bsp.a(alt_do_ctors.o)
 .debug_frame   0x0000000000000ab8       0x38 ../Test_bsp/\libhal_bsp.a(alt_do_dtors.o)
 .debug_frame   0x0000000000000af0       0x38 ../Test_bsp/\libhal_bsp.a(alt_find_dev.o)
 .debug_frame   0x0000000000000b28       0x38 ../Test_bsp/\libhal_bsp.a(alt_icache_flush_all.o)
 .debug_frame   0x0000000000000b60       0x60 ../Test_bsp/\libhal_bsp.a(alt_io_redirect.o)
 .debug_frame   0x0000000000000bc0       0x34 ../Test_bsp/\libhal_bsp.a(alt_irq_register.o)
 .debug_frame   0x0000000000000bf4       0x84 ../Test_bsp/\libhal_bsp.a(alt_open.o)
 .debug_frame   0x0000000000000c78       0x34 ../Test_bsp/\libhal_bsp.a(alt_release_fd.o)
 .debug_frame   0x0000000000000cac       0x5c ../Test_bsp/\libhal_bsp.a(alt_tick.o)
 .debug_frame   0x0000000000000d08       0x34 ../Test_bsp/\libhal_bsp.a(altera_nios2_gen2_irq.o)
 .debug_frame   0x0000000000000d3c       0x38 ../Test_bsp/\libhal_bsp.a(alt_find_file.o)
 .debug_frame   0x0000000000000d74       0x34 ../Test_bsp/\libhal_bsp.a(alt_get_fd.o)
 .debug_frame   0x0000000000000da8       0x34 ../Test_bsp/\libhal_bsp.a(alt_icache_flush.o)
 .debug_frame   0x0000000000000ddc       0x38 ../Test_bsp/\libhal_bsp.a(alt_irq_handler.o)
 .debug_frame   0x0000000000000e14       0x5c ../Test_bsp/\libhal_bsp.a(alt_instruction_exception_entry.o)
 .debug_frame   0x0000000000000e70       0x20 c:/intelfpga_lite/18.1/nios2eds/bin/gnu/h-x86_64-mingw32/bin/../lib/gcc/nios2-elf/5.3.0/../../../../../H-x86_64-mingw32/nios2-elf/lib/mhw-mulx\libc.a(lib_a-atexit.o)
 .debug_frame   0x0000000000000e90       0x28 c:/intelfpga_lite/18.1/nios2eds/bin/gnu/h-x86_64-mingw32/bin/../lib/gcc/nios2-elf/5.3.0/../../../../../H-x86_64-mingw32/nios2-elf/lib/mhw-mulx\libc.a(lib_a-exit.o)
 .debug_frame   0x0000000000000eb8       0x20 c:/intelfpga_lite/18.1/nios2eds/bin/gnu/h-x86_64-mingw32/bin/../lib/gcc/nios2-elf/5.3.0/../../../../../H-x86_64-mingw32/nios2-elf/lib/mhw-mulx\libc.a(lib_a-memcmp.o)
 .debug_frame   0x0000000000000ed8       0x38 c:/intelfpga_lite/18.1/nios2eds/bin/gnu/h-x86_64-mingw32/bin/../lib/gcc/nios2-elf/5.3.0/../../../../../H-x86_64-mingw32/nios2-elf/lib/mhw-mulx\libc.a(lib_a-memcpy.o)
 .debug_frame   0x0000000000000f10       0x20 c:/intelfpga_lite/18.1/nios2eds/bin/gnu/h-x86_64-mingw32/bin/../lib/gcc/nios2-elf/5.3.0/../../../../../H-x86_64-mingw32/nios2-elf/lib/mhw-mulx\libc.a(lib_a-strcmp.o)
 .debug_frame   0x0000000000000f30       0x20 c:/intelfpga_lite/18.1/nios2eds/bin/gnu/h-x86_64-mingw32/bin/../lib/gcc/nios2-elf/5.3.0/../../../../../H-x86_64-mingw32/nios2-elf/lib/mhw-mulx\libc.a(lib_a-strlen.o)
 .debug_frame   0x0000000000000f50       0x38 c:/intelfpga_lite/18.1/nios2eds/bin/gnu/h-x86_64-mingw32/bin/../lib/gcc/nios2-elf/5.3.0/../../../../../H-x86_64-mingw32/nios2-elf/lib/mhw-mulx\libc.a(lib_a-__atexit.o)
 .debug_frame   0x0000000000000f88       0x54 c:/intelfpga_lite/18.1/nios2eds/bin/gnu/h-x86_64-mingw32/bin/../lib/gcc/nios2-elf/5.3.0/../../../../../H-x86_64-mingw32/nios2-elf/lib/mhw-mulx\libc.a(lib_a-__call_atexit.o)
 .debug_frame   0x0000000000000fdc       0x2c ../Test_bsp/\libhal_bsp.a(alt_exit.o)

.debug_str      0x0000000000000000     0x21ae
 *(.debug_str)
 .debug_str     0x0000000000000000       0xfb obj/default/hello_world.o
                                        0x105 (size before relaxing)
 .debug_str     0x00000000000000fb      0x198 ../Test_bsp/\libhal_bsp.a(alt_load.o)
                                        0x231 (size before relaxing)
 .debug_str     0x0000000000000293       0x91 ../Test_bsp/\libhal_bsp.a(alt_main.o)
                                        0x1e5 (size before relaxing)
 .debug_str     0x0000000000000324      0x485 ../Test_bsp/\libhal_bsp.a(alt_sys_init.o)
                                        0x695 (size before relaxing)
 .debug_str     0x00000000000007a9       0xb2 ../Test_bsp/\libhal_bsp.a(altera_avalon_jtag_uart_fd.o)
                                        0x3c3 (size before relaxing)
 .debug_str     0x000000000000085b       0xd1 ../Test_bsp/\libhal_bsp.a(altera_avalon_jtag_uart_init.o)
                                        0x378 (size before relaxing)
 .debug_str     0x000000000000092c       0x4a ../Test_bsp/\libhal_bsp.a(altera_avalon_jtag_uart_ioctl.o)
                                        0x2b2 (size before relaxing)
 .debug_str     0x0000000000000976       0x7f ../Test_bsp/\libhal_bsp.a(altera_avalon_jtag_uart_read.o)
                                        0x328 (size before relaxing)
 .debug_str     0x00000000000009f5       0x4a ../Test_bsp/\libhal_bsp.a(altera_avalon_jtag_uart_write.o)
                                        0x329 (size before relaxing)
 .debug_str     0x0000000000000a3f       0x6d ../Test_bsp/\libhal_bsp.a(altera_avalon_timer_sc.o)
                                        0x28b (size before relaxing)
 .debug_str     0x0000000000000aac      0x176 ../Test_bsp/\libhal_bsp.a(altera_up_avalon_irda.o)
                                        0x37e (size before relaxing)
 .debug_str     0x0000000000000c22      0x1c5 ../Test_bsp/\libhal_bsp.a(altera_up_avalon_ps2.o)
                                        0x451 (size before relaxing)
 .debug_str     0x0000000000000de7       0xca ../Test_bsp/\libhal_bsp.a(altera_up_avalon_video_character_buffer_with_dma.o)
                                        0x341 (size before relaxing)
 .debug_str     0x0000000000000eb1       0x59 ../Test_bsp/\libhal_bsp.a(alt_alarm_start.o)
                                        0x2be (size before relaxing)
 .debug_str     0x0000000000000f0a       0x44 ../Test_bsp/\libhal_bsp.a(alt_close.o)
                                        0x22a (size before relaxing)
 .debug_str     0x0000000000000f4e       0x34 ../Test_bsp/\libhal_bsp.a(alt_dcache_flush_all.o)
                                        0x174 (size before relaxing)
 .debug_str     0x0000000000000f82      0x120 ../Test_bsp/\libhal_bsp.a(alt_dev.o)
                                        0x324 (size before relaxing)
 .debug_str     0x00000000000010a2       0x34 ../Test_bsp/\libhal_bsp.a(alt_dev_llist_insert.o)
                                        0x1eb (size before relaxing)
 .debug_str     0x00000000000010d6       0x48 ../Test_bsp/\libhal_bsp.a(alt_do_ctors.o)
                                         0xef (size before relaxing)
 .debug_str     0x000000000000111e       0x4c ../Test_bsp/\libhal_bsp.a(alt_do_dtors.o)
                                         0xee (size before relaxing)
 .debug_str     0x000000000000116a       0x14 ../Test_bsp/\libhal_bsp.a(alt_errno.o)
                                        0x164 (size before relaxing)
 .debug_str     0x000000000000117e       0x24 ../Test_bsp/\libhal_bsp.a(alt_find_dev.o)
                                        0x20b (size before relaxing)
 .debug_str     0x00000000000011a2       0x34 ../Test_bsp/\libhal_bsp.a(alt_icache_flush_all.o)
                                        0x174 (size before relaxing)
 .debug_str     0x00000000000011d6       0x56 ../Test_bsp/\libhal_bsp.a(alt_io_redirect.o)
                                        0x335 (size before relaxing)
 .debug_str     0x000000000000122c       0x70 ../Test_bsp/\libhal_bsp.a(alt_irq_register.o)
                                        0x227 (size before relaxing)
 .debug_str     0x000000000000129c       0x17 ../Test_bsp/\libhal_bsp.a(alt_irq_vars.o)
                                        0x159 (size before relaxing)
 .debug_str     0x00000000000012b3       0x2f ../Test_bsp/\libhal_bsp.a(alt_open.o)
                                        0x26a (size before relaxing)
 .debug_str     0x00000000000012e2       0x28 ../Test_bsp/\libhal_bsp.a(alt_release_fd.o)
                                        0x1f2 (size before relaxing)
 .debug_str     0x000000000000130a       0x4a ../Test_bsp/\libhal_bsp.a(alt_tick.o)
                                        0x292 (size before relaxing)
 .debug_str     0x0000000000001354       0x3b ../Test_bsp/\libhal_bsp.a(altera_nios2_gen2_irq.o)
                                        0x1a4 (size before relaxing)
 .debug_str     0x000000000000138f       0x26 ../Test_bsp/\libhal_bsp.a(alt_find_file.o)
                                        0x219 (size before relaxing)
 .debug_str     0x00000000000013b5       0x30 ../Test_bsp/\libhal_bsp.a(alt_get_fd.o)
                                        0x23b (size before relaxing)
 .debug_str     0x00000000000013e5       0x2c ../Test_bsp/\libhal_bsp.a(alt_icache_flush.o)
                                        0x17a (size before relaxing)
 .debug_str     0x0000000000001411       0x3a ../Test_bsp/\libhal_bsp.a(alt_irq_handler.o)
                                        0x1d7 (size before relaxing)
 .debug_str     0x000000000000144b      0x48b ../Test_bsp/\libhal_bsp.a(alt_instruction_exception_entry.o)
                                        0x5bf (size before relaxing)
 .debug_str     0x00000000000018d6      0x178 c:/intelfpga_lite/18.1/nios2eds/bin/gnu/h-x86_64-mingw32/bin/../lib/gcc/nios2-elf/5.3.0/../../../../../H-x86_64-mingw32/nios2-elf/lib/mhw-mulx\libc.a(lib_a-atexit.o)
                                        0x21d (size before relaxing)
 .debug_str     0x0000000000001a4e      0x3a7 c:/intelfpga_lite/18.1/nios2eds/bin/gnu/h-x86_64-mingw32/bin/../lib/gcc/nios2-elf/5.3.0/../../../../../H-x86_64-mingw32/nios2-elf/lib/mhw-mulx\libc.a(lib_a-exit.o)
                                        0x5ba (size before relaxing)
 .debug_str     0x0000000000001df5       0xd4 c:/intelfpga_lite/18.1/nios2eds/bin/gnu/h-x86_64-mingw32/bin/../lib/gcc/nios2-elf/5.3.0/../../../../../H-x86_64-mingw32/nios2-elf/lib/mhw-mulx\libc.a(lib_a-impure.o)
                                        0x5b1 (size before relaxing)
 .debug_str     0x0000000000001ec9       0x3f c:/intelfpga_lite/18.1/nios2eds/bin/gnu/h-x86_64-mingw32/bin/../lib/gcc/nios2-elf/5.3.0/../../../../../H-x86_64-mingw32/nios2-elf/lib/mhw-mulx\libc.a(lib_a-int_errno.o)
                                        0x1d9 (size before relaxing)
 .debug_str     0x0000000000001f08       0xd8 c:/intelfpga_lite/18.1/nios2eds/bin/gnu/h-x86_64-mingw32/bin/../lib/gcc/nios2-elf/5.3.0/../../../../../H-x86_64-mingw32/nios2-elf/lib/mhw-mulx\libc.a(lib_a-memcmp.o)
                                        0x1e0 (size before relaxing)
 .debug_str     0x0000000000001fe0       0x6b c:/intelfpga_lite/18.1/nios2eds/bin/gnu/h-x86_64-mingw32/bin/../lib/gcc/nios2-elf/5.3.0/../../../../../H-x86_64-mingw32/nios2-elf/lib/mhw-mulx\libc.a(lib_a-memcpy.o)
                                        0x207 (size before relaxing)
 .debug_str     0x000000000000204b       0x44 c:/intelfpga_lite/18.1/nios2eds/bin/gnu/h-x86_64-mingw32/bin/../lib/gcc/nios2-elf/5.3.0/../../../../../H-x86_64-mingw32/nios2-elf/lib/mhw-mulx\libc.a(lib_a-strcmp.o)
                                        0x1d9 (size before relaxing)
 .debug_str     0x000000000000208f       0x51 c:/intelfpga_lite/18.1/nios2eds/bin/gnu/h-x86_64-mingw32/bin/../lib/gcc/nios2-elf/5.3.0/../../../../../H-x86_64-mingw32/nios2-elf/lib/mhw-mulx\libc.a(lib_a-strlen.o)
                                        0x1f3 (size before relaxing)
 .debug_str     0x00000000000020e0       0x3f c:/intelfpga_lite/18.1/nios2eds/bin/gnu/h-x86_64-mingw32/bin/../lib/gcc/nios2-elf/5.3.0/../../../../../H-x86_64-mingw32/nios2-elf/lib/mhw-mulx\libc.a(lib_a-__atexit.o)
                                        0x5f2 (size before relaxing)
 .debug_str     0x000000000000211f       0x65 c:/intelfpga_lite/18.1/nios2eds/bin/gnu/h-x86_64-mingw32/bin/../lib/gcc/nios2-elf/5.3.0/../../../../../H-x86_64-mingw32/nios2-elf/lib/mhw-mulx\libc.a(lib_a-__call_atexit.o)
                                        0x5de (size before relaxing)
 .debug_str     0x0000000000002184       0x2a ../Test_bsp/\libhal_bsp.a(alt_exit.o)
                                        0x199 (size before relaxing)

.debug_loc      0x0000000000000000      0x836
 *(.debug_loc)
 .debug_loc     0x0000000000000000       0x2c c:/intelfpga_lite/18.1/nios2eds/bin/gnu/h-x86_64-mingw32/bin/../lib/gcc/nios2-elf/5.3.0/../../../../../H-x86_64-mingw32/nios2-elf/lib/mhw-mulx\libc.a(lib_a-atexit.o)
 .debug_loc     0x000000000000002c       0x1e c:/intelfpga_lite/18.1/nios2eds/bin/gnu/h-x86_64-mingw32/bin/../lib/gcc/nios2-elf/5.3.0/../../../../../H-x86_64-mingw32/nios2-elf/lib/mhw-mulx\libc.a(lib_a-exit.o)
 .debug_loc     0x000000000000004a      0x126 c:/intelfpga_lite/18.1/nios2eds/bin/gnu/h-x86_64-mingw32/bin/../lib/gcc/nios2-elf/5.3.0/../../../../../H-x86_64-mingw32/nios2-elf/lib/mhw-mulx\libc.a(lib_a-memcmp.o)
 .debug_loc     0x0000000000000170      0x266 c:/intelfpga_lite/18.1/nios2eds/bin/gnu/h-x86_64-mingw32/bin/../lib/gcc/nios2-elf/5.3.0/../../../../../H-x86_64-mingw32/nios2-elf/lib/mhw-mulx\libc.a(lib_a-memcpy.o)
 .debug_loc     0x00000000000003d6       0xc6 c:/intelfpga_lite/18.1/nios2eds/bin/gnu/h-x86_64-mingw32/bin/../lib/gcc/nios2-elf/5.3.0/../../../../../H-x86_64-mingw32/nios2-elf/lib/mhw-mulx\libc.a(lib_a-strcmp.o)
 .debug_loc     0x000000000000049c       0x47 c:/intelfpga_lite/18.1/nios2eds/bin/gnu/h-x86_64-mingw32/bin/../lib/gcc/nios2-elf/5.3.0/../../../../../H-x86_64-mingw32/nios2-elf/lib/mhw-mulx\libc.a(lib_a-strlen.o)
 .debug_loc     0x00000000000004e3      0x185 c:/intelfpga_lite/18.1/nios2eds/bin/gnu/h-x86_64-mingw32/bin/../lib/gcc/nios2-elf/5.3.0/../../../../../H-x86_64-mingw32/nios2-elf/lib/mhw-mulx\libc.a(lib_a-__atexit.o)
 .debug_loc     0x0000000000000668      0x1ce c:/intelfpga_lite/18.1/nios2eds/bin/gnu/h-x86_64-mingw32/bin/../lib/gcc/nios2-elf/5.3.0/../../../../../H-x86_64-mingw32/nios2-elf/lib/mhw-mulx\libc.a(lib_a-__call_atexit.o)

.debug_macinfo
 *(.debug_macinfo)

.debug_weaknames
 *(.debug_weaknames)

.debug_funcnames
 *(.debug_funcnames)

.debug_typenames
 *(.debug_typenames)

.debug_varnames
 *(.debug_varnames)

.debug_alt_sim_info
                0x0000000000000000       0x20
 *(.debug_alt_sim_info)
 .debug_alt_sim_info
                0x0000000000000000       0x20 ../Test_bsp//obj/HAL/src/crt0.o
                0x0000000080000000                __alt_data_end = 0x80000000
                0x0000000080000000                PROVIDE (__alt_stack_pointer, __alt_data_end)
                [!provide]                        PROVIDE (__alt_stack_limit, __alt_stack_base)
                [!provide]                        PROVIDE (__alt_heap_start, end)
                [!provide]                        PROVIDE (__alt_heap_limit, 0x80000000)
OUTPUT(Test.elf elf32-littlenios2)

.debug_ranges   0x0000000000000000      0x188
 .debug_ranges  0x0000000000000000       0x20 ../Test_bsp//obj/HAL/src/crt0.o
 .debug_ranges  0x0000000000000020       0x30 ../Test_bsp/\libhal_bsp.a(altera_avalon_jtag_uart_init.o)
 .debug_ranges  0x0000000000000050       0x18 ../Test_bsp/\libhal_bsp.a(altera_avalon_jtag_uart_read.o)
 .debug_ranges  0x0000000000000068       0x28 ../Test_bsp/\libhal_bsp.a(alt_irq_entry.o)
 .debug_ranges  0x0000000000000090       0x10 ../Test_bsp/\libhal_bsp.a(alt_irq_handler.o)
 .debug_ranges  0x00000000000000a0       0x30 ../Test_bsp/\libhal_bsp.a(alt_exception_entry.o)
 .debug_ranges  0x00000000000000d0       0x18 ../Test_bsp/\libhal_bsp.a(alt_instruction_exception_entry.o)
 .debug_ranges  0x00000000000000e8       0x10 c:/intelfpga_lite/18.1/nios2eds/bin/gnu/h-x86_64-mingw32/bin/../lib/gcc/nios2-elf/5.3.0/../../../../../H-x86_64-mingw32/nios2-elf/lib/mhw-mulx\libc.a(lib_a-atexit.o)
 .debug_ranges  0x00000000000000f8       0x10 c:/intelfpga_lite/18.1/nios2eds/bin/gnu/h-x86_64-mingw32/bin/../lib/gcc/nios2-elf/5.3.0/../../../../../H-x86_64-mingw32/nios2-elf/lib/mhw-mulx\libc.a(lib_a-exit.o)
 .debug_ranges  0x0000000000000108       0x10 c:/intelfpga_lite/18.1/nios2eds/bin/gnu/h-x86_64-mingw32/bin/../lib/gcc/nios2-elf/5.3.0/../../../../../H-x86_64-mingw32/nios2-elf/lib/mhw-mulx\libc.a(lib_a-memcmp.o)
 .debug_ranges  0x0000000000000118       0x10 c:/intelfpga_lite/18.1/nios2eds/bin/gnu/h-x86_64-mingw32/bin/../lib/gcc/nios2-elf/5.3.0/../../../../../H-x86_64-mingw32/nios2-elf/lib/mhw-mulx\libc.a(lib_a-memcpy.o)
 .debug_ranges  0x0000000000000128       0x10 c:/intelfpga_lite/18.1/nios2eds/bin/gnu/h-x86_64-mingw32/bin/../lib/gcc/nios2-elf/5.3.0/../../../../../H-x86_64-mingw32/nios2-elf/lib/mhw-mulx\libc.a(lib_a-strcmp.o)
 .debug_ranges  0x0000000000000138       0x10 c:/intelfpga_lite/18.1/nios2eds/bin/gnu/h-x86_64-mingw32/bin/../lib/gcc/nios2-elf/5.3.0/../../../../../H-x86_64-mingw32/nios2-elf/lib/mhw-mulx\libc.a(lib_a-strlen.o)
 .debug_ranges  0x0000000000000148       0x10 c:/intelfpga_lite/18.1/nios2eds/bin/gnu/h-x86_64-mingw32/bin/../lib/gcc/nios2-elf/5.3.0/../../../../../H-x86_64-mingw32/nios2-elf/lib/mhw-mulx\libc.a(lib_a-__atexit.o)
 .debug_ranges  0x0000000000000158       0x30 c:/intelfpga_lite/18.1/nios2eds/bin/gnu/h-x86_64-mingw32/bin/../lib/gcc/nios2-elf/5.3.0/../../../../../H-x86_64-mingw32/nios2-elf/lib/mhw-mulx\libc.a(lib_a-__call_atexit.o)
